109.237.98.226 - - [28/Aug/2023:18:30:17 +0000] "\x16\x03\x01\x01H\x01\x00\x01D\x03\x03\x02`U\x84\x92\xA4\x90E\xCC\xC2\xA0{\x1F\x90[m\x09\xFA.\xC7LVYqy\x04E\xA7\xBC\x02\x86` \x9FU" 400 157 "-" "-" "-"
109.237.98.226 - - [28/Aug/2023:18:30:18 +0000] "GET /.env HTTP/1.1" 404 555 "-" "Mozilla/5.0 (X11; Linux x86_64) AppleWebKit/537.36 (KHTML, like Gecko) Chrome/81.0.4044.129 Safari/537.36" "-"
20.229.51.198 - - [28/Aug/2023:18:40:52 +0000] "GET /index.php HTTP/1.1" 200 95845 "-" "Go-http-client/1.1" "-"
135.125.244.48 - - [28/Aug/2023:18:54:57 +0000] "GET /.env HTTP/1.1" 404 555 "-" "Mozilla/5.0 (X11; Linux x86_64) AppleWebKit/537.36 (KHTML, like Gecko) Chrome/81.0.4044.129 Safari/537.36" "-"
135.125.244.48 - - [28/Aug/2023:18:54:57 +0000] "POST / HTTP/1.1" 200 96781 "-" "Mozilla/5.0 (X11; Linux x86_64) AppleWebKit/537.36 (KHTML, like Gecko) Chrome/81.0.4044.129 Safari/537.36" "-"
13.95.133.245 - - [28/Aug/2023:18:55:53 +0000] "GET /index.php HTTP/1.1" 200 95845 "-" "Go-http-client/1.1" "-"
135.125.246.110 - - [28/Aug/2023:19:00:49 +0000] "POST / HTTP/1.1" 200 96783 "-" "Mozilla/5.0 (X11; Linux x86_64) AppleWebKit/537.36 (KHTML, like Gecko) Chrome/81.0.4044.129 Safari/537.36" "-"
135.125.246.110 - - [28/Aug/2023:19:00:49 +0000] "GET /.env HTTP/1.1" 404 555 "-" "Mozilla/5.0 (X11; Linux x86_64) AppleWebKit/537.36 (KHTML, like Gecko) Chrome/81.0.4044.129 Safari/537.36" "-"
20.229.51.198 - - [28/Aug/2023:19:10:58 +0000] "GET /index.php HTTP/1.1" 200 95845 "-" "Go-http-client/1.1" "-"
185.254.196.186 - - [28/Aug/2023:19:22:51 +0000] "GET /.env HTTP/1.1" 404 555 "-" "Mozilla/5.0 (X11; Linux x86_64) AppleWebKit/537.36 (KHTML, like Gecko) Chrome/81.0.4044.129 Safari/537.36" "-"
185.254.196.186 - - [28/Aug/2023:19:22:51 +0000] "POST / HTTP/1.1" 200 96773 "-" "Mozilla/5.0 (X11; Linux x86_64) AppleWebKit/537.36 (KHTML, like Gecko) Chrome/81.0.4044.129 Safari/537.36" "-"
120.75.94.198 - - [28/Aug/2023:19:33:42 +0000] "POST /index.php HTTP/1.1" 200 96426 "-" "Mozilla/4.0 (compatible; MSIE 6.0b; Windows NT 5.1)" "-"
120.75.94.198 - - [28/Aug/2023:19:33:43 +0000] "POST /index.php HTTP/1.1" 200 96449 "-" "Mozilla/4.0 (compatible; MSIE 6.0b; Windows NT 5.1)" "-"
162.142.125.213 - - [28/Aug/2023:19:40:18 +0000] "GET / HTTP/1.1" 200 95332 "-" "-" "-"
40.113.118.83 - - [28/Aug/2023:19:41:05 +0000] "GET /index.php HTTP/1.1" 200 95845 "-" "Go-http-client/1.1" "-"
1.14.7.100 - - [28/Aug/2023:19:49:26 +0000] "HEAD /Core/Skin/Login.aspx HTTP/1.1" 404 0 "-" "Mozilla/5.0 (Windows NT 10.0; Win64; x64) AppleWebKit/537.36 (KHTML, like Gecko) Chrome/106.0.0.0 Safari/537.36" "-"
135.125.246.110 - - [28/Aug/2023:19:52:03 +0000] "POST / HTTP/1.1" 200 96783 "-" "Mozilla/5.0 (X11; Linux x86_64) AppleWebKit/537.36 (KHTML, like Gecko) Chrome/81.0.4044.129 Safari/537.36" "-"
135.125.246.110 - - [28/Aug/2023:19:52:03 +0000] "GET /.env HTTP/1.1" 404 555 "-" "Mozilla/5.0 (X11; Linux x86_64) AppleWebKit/537.36 (KHTML, like Gecko) Chrome/81.0.4044.129 Safari/537.36" "-"
20.229.51.198 - - [28/Aug/2023:20:11:15 +0000] "GET /index.php HTTP/1.1" 200 95845 "-" "Go-http-client/1.1" "-"
139.162.84.205 - - [28/Aug/2023:20:40:57 +0000] "GET / HTTP/1.0" 200 28038 "-" "Mozilla/5.0 (X11; Linux x86_64) AppleWebKit/537.36 (KHTML, like Gecko) Chrome/109.0.0.0 Safari/537.36" "-"
35.223.111.194 - - [28/Aug/2023:20:59:59 +0000] "HEAD / HTTP/1.1" 200 0 "-" "Mozilla/5.0 (Windows NT 10.0; WOW64) AppleWebKit/537.36 (KHTML, like Gecko) Chrome/89.0.4389.114 Safari/537.36" "-"
135.125.244.48 - - [28/Aug/2023:21:17:42 +0000] "GET /.env HTTP/1.1" 404 555 "-" "Mozilla/5.0 (X11; Linux x86_64) AppleWebKit/537.36 (KHTML, like Gecko) Chrome/81.0.4044.129 Safari/537.36" "-"
135.125.244.48 - - [28/Aug/2023:21:17:42 +0000] "POST / HTTP/1.1" 200 96781 "-" "Mozilla/5.0 (X11; Linux x86_64) AppleWebKit/537.36 (KHTML, like Gecko) Chrome/81.0.4044.129 Safari/537.36" "-"
109.237.96.124 - - [28/Aug/2023:21:22:52 +0000] "GET /users/sign_in HTTP/1.1" 404 555 "-" "Mozilla/5.0 (Windows NT 10.0; Win64; x64) AppleWebKit/537.36 (KHTML, like Gecko) Chrome/78.0.3904.108 Safari/537.36" "-"
109.237.96.124 - - [28/Aug/2023:21:22:53 +0000] "GET /users/sign_in HTTP/1.1" 404 555 "-" "Mozilla/5.0 (Windows NT 10.0; Win64; x64) AppleWebKit/537.36 (KHTML, like Gecko) Chrome/78.0.3904.108 Safari/537.36" "-"
109.237.96.124 - - [28/Aug/2023:21:22:53 +0000] "GET /users/sign_in HTTP/1.1" 404 555 "-" "Mozilla/5.0 (Windows NT 10.0; Win64; x64) AppleWebKit/537.36 (KHTML, like Gecko) Chrome/78.0.3904.108 Safari/537.36" "-"
109.237.96.124 - - [28/Aug/2023:21:22:54 +0000] "GET /users/sign_in HTTP/1.1" 404 555 "-" "Mozilla/5.0 (Windows NT 10.0; Win64; x64) AppleWebKit/537.36 (KHTML, like Gecko) Chrome/78.0.3904.108 Safari/537.36" "-"
13.95.133.245 - - [28/Aug/2023:21:29:30 +0000] "GET /index.php HTTP/1.1" 200 95845 "-" "Go-http-client/1.1" "-"
1.14.7.100 - - [28/Aug/2023:21:35:22 +0000] "HEAD /Core/Skin/Login.aspx HTTP/1.1" 404 0 "-" "Mozilla/5.0 (Windows NT 10.0; Win64; x64) AppleWebKit/537.36 (KHTML, like Gecko) Chrome/106.0.0.0 Safari/537.36" "-"
107.170.237.73 - - [28/Aug/2023:21:35:41 +0000] "GET /portal/redlion HTTP/1.1" 404 153 "-" "Mozilla/5.0 zgrab/0.x" "-"
92.118.39.40 - - [28/Aug/2023:21:36:20 +0000] "GET / HTTP/1.1" 200 95326 "-" "-" "-"
135.125.246.110 - - [28/Aug/2023:21:59:17 +0000] "POST / HTTP/1.1" 200 96782 "-" "Mozilla/5.0 (X11; Linux x86_64) AppleWebKit/537.36 (KHTML, like Gecko) Chrome/81.0.4044.129 Safari/537.36" "-"
135.125.246.110 - - [28/Aug/2023:21:59:18 +0000] "GET /.env HTTP/1.1" 404 555 "-" "Mozilla/5.0 (X11; Linux x86_64) AppleWebKit/537.36 (KHTML, like Gecko) Chrome/81.0.4044.129 Safari/537.36" "-"
20.229.51.198 - - [28/Aug/2023:22:00:44 +0000] "GET /index.php HTTP/1.1" 200 95845 "-" "Go-http-client/1.1" "-"
135.125.244.48 - - [28/Aug/2023:22:23:50 +0000] "GET /.env HTTP/1.1" 404 555 "-" "Mozilla/5.0 (X11; Linux x86_64) AppleWebKit/537.36 (KHTML, like Gecko) Chrome/81.0.4044.129 Safari/537.36" "-"
135.125.244.48 - - [28/Aug/2023:22:23:50 +0000] "POST / HTTP/1.1" 200 96773 "-" "Mozilla/5.0 (X11; Linux x86_64) AppleWebKit/537.36 (KHTML, like Gecko) Chrome/81.0.4044.129 Safari/537.36" "-"
13.95.133.245 - - [28/Aug/2023:22:30:59 +0000] "GET /index.php HTTP/1.1" 200 95843 "-" "Go-http-client/1.1" "-"
135.125.246.110 - - [28/Aug/2023:22:35:58 +0000] "POST / HTTP/1.1" 200 96783 "-" "Mozilla/5.0 (X11; Linux x86_64) AppleWebKit/537.36 (KHTML, like Gecko) Chrome/81.0.4044.129 Safari/537.36" "-"
135.125.246.110 - - [28/Aug/2023:22:35:59 +0000] "GET /.env HTTP/1.1" 404 555 "-" "Mozilla/5.0 (X11; Linux x86_64) AppleWebKit/537.36 (KHTML, like Gecko) Chrome/81.0.4044.129 Safari/537.36" "-"
20.229.51.198 - - [28/Aug/2023:23:01:01 +0000] "GET /index.php HTTP/1.1" 200 95845 "-" "Go-http-client/1.1" "-"
20.229.51.198 - - [28/Aug/2023:23:16:55 +0000] "GET /index.php HTTP/1.1" 200 95845 "-" "Go-http-client/1.1" "-"
1.14.7.100 - - [28/Aug/2023:23:20:29 +0000] "HEAD /Core/Skin/Login.aspx HTTP/1.1" 404 0 "-" "Mozilla/5.0 (Windows NT 10.0; Win64; x64) AppleWebKit/537.36 (KHTML, like Gecko) Chrome/106.0.0.0 Safari/537.36" "-"
135.125.244.48 - - [28/Aug/2023:23:41:15 +0000] "GET /.env HTTP/1.1" 404 555 "-" "Mozilla/5.0 (X11; Linux x86_64) AppleWebKit/537.36 (KHTML, like Gecko) Chrome/81.0.4044.129 Safari/537.36" "-"
135.125.244.48 - - [28/Aug/2023:23:41:15 +0000] "POST / HTTP/1.1" 200 96781 "-" "Mozilla/5.0 (X11; Linux x86_64) AppleWebKit/537.36 (KHTML, like Gecko) Chrome/81.0.4044.129 Safari/537.36" "-"
34.68.223.108 - - [28/Aug/2023:23:45:09 +0000] "GET /login?from=%2F HTTP/1.1" 404 555 "-" "Mozilla/5.0 (Windows NT 10.0; Win64; x64) AppleWebKit/537.36 (KHTML, like Gecko) Chrome/116.0.0.0 Safari/537.36" "-"
20.229.51.198 - - [29/Aug/2023:00:01:44 +0000] "GET /index.php HTTP/1.1" 200 95843 "-" "Go-http-client/1.1" "-"
54.245.204.126 - - [29/Aug/2023:00:02:15 +0000] "GET /.git/HEAD HTTP/1.1" 404 153 "-" "Python-urllib/3.10" "-"
109.237.96.251 - - [29/Aug/2023:00:04:39 +0000] "GET /users/sign_in HTTP/1.1" 404 555 "-" "Mozilla/5.0 (Windows NT 10.0; Win64; x64) AppleWebKit/537.36 (KHTML, like Gecko) Chrome/78.0.3904.108 Safari/537.36" "-"
109.237.96.251 - - [29/Aug/2023:00:04:40 +0000] "GET /users/sign_in HTTP/1.1" 404 555 "-" "Mozilla/5.0 (Windows NT 10.0; Win64; x64) AppleWebKit/537.36 (KHTML, like Gecko) Chrome/78.0.3904.108 Safari/537.36" "-"
109.237.96.251 - - [29/Aug/2023:00:04:41 +0000] "GET /users/sign_in HTTP/1.1" 404 555 "-" "Mozilla/5.0 (Windows NT 10.0; Win64; x64) AppleWebKit/537.36 (KHTML, like Gecko) Chrome/78.0.3904.108 Safari/537.36" "-"
109.237.96.251 - - [29/Aug/2023:00:04:41 +0000] "GET /users/sign_in HTTP/1.1" 404 555 "-" "Mozilla/5.0 (Windows NT 10.0; Win64; x64) AppleWebKit/537.36 (KHTML, like Gecko) Chrome/78.0.3904.108 Safari/537.36" "-"
167.172.52.0 - - [29/Aug/2023:00:25:49 +0000] "HEAD /panel/admin.php HTTP/1.1" 404 0 "-" "python-requests/2.18.4" "-"
20.229.51.198 - - [29/Aug/2023:00:31:31 +0000] "GET /index.php HTTP/1.1" 200 95844 "-" "Go-http-client/1.1" "-"
139.162.84.205 - - [29/Aug/2023:00:45:21 +0000] "GET / HTTP/1.0" 200 28038 "-" "Mozilla/5.0 (X11; Linux x86_64) AppleWebKit/537.36 (KHTML, like Gecko) Chrome/109.0.0.0 Safari/537.36" "-"
13.95.133.245 - - [29/Aug/2023:01:03:09 +0000] "GET /index.php HTTP/1.1" 200 95845 "-" "Go-http-client/1.1" "-"
185.254.196.173 - - [29/Aug/2023:01:10:11 +0000] "GET /.env HTTP/1.1" 404 555 "-" "Mozilla/5.0 (X11; Linux x86_64) AppleWebKit/537.36 (KHTML, like Gecko) Chrome/81.0.4044.129 Safari/537.36" "-"
185.254.196.173 - - [29/Aug/2023:01:10:12 +0000] "POST / HTTP/1.1" 200 96773 "-" "Mozilla/5.0 (X11; Linux x86_64) AppleWebKit/537.36 (KHTML, like Gecko) Chrome/81.0.4044.129 Safari/537.36" "-"
1.14.7.100 - - [29/Aug/2023:01:10:34 +0000] "HEAD /Core/Skin/Login.aspx HTTP/1.1" 404 0 "-" "Mozilla/5.0 (Windows NT 10.0; Win64; x64) AppleWebKit/537.36 (KHTML, like Gecko) Chrome/106.0.0.0 Safari/537.36" "-"
135.125.246.110 - - [29/Aug/2023:01:16:27 +0000] "POST / HTTP/1.1" 200 96783 "-" "Mozilla/5.0 (X11; Linux x86_64) AppleWebKit/537.36 (KHTML, like Gecko) Chrome/81.0.4044.129 Safari/537.36" "-"
135.125.246.110 - - [29/Aug/2023:01:16:27 +0000] "GET /.env HTTP/1.1" 404 555 "-" "Mozilla/5.0 (X11; Linux x86_64) AppleWebKit/537.36 (KHTML, like Gecko) Chrome/81.0.4044.129 Safari/537.36" "-"
185.220.101.151 - - [29/Aug/2023:01:23:28 +0000] "GET /index.php HTTP/1.1" 200 96088 "-" "Mozilla/4.0 (compatible; MSIE 6.0b; Windows NT 5.1)" "-"
185.220.101.151 - - [29/Aug/2023:01:23:28 +0000] "GET /panel/guest.php HTTP/1.1" 404 27 "-" "Mozilla/4.0 (compatible; MSIE 6.0b; Windows NT 5.1)" "-"
185.220.101.151 - - [29/Aug/2023:01:23:29 +0000] "GET /panel/config.json HTTP/1.1" 404 555 "-" "Mozilla/4.0 (compatible; MSIE 6.0b; Windows NT 5.1)" "-"
185.220.101.151 - - [29/Aug/2023:01:23:29 +0000] "POST /index.php HTTP/1.1" 200 96227 "-" "Mozilla/4.0 (compatible; MSIE 6.0b; Windows NT 5.1)" "-"
185.220.101.151 - - [29/Aug/2023:01:23:29 +0000] "GET /panel/links.txt HTTP/1.1" 404 555 "-" "Mozilla/4.0 (compatible; MSIE 6.0b; Windows NT 5.1)" "-"
185.220.101.151 - - [29/Aug/2023:01:23:30 +0000] "GET /index.php HTTP/1.1" 200 96104 "-" "Mozilla/4.0 (compatible; MSIE 6.0b; Windows NT 5.1)" "-"
185.220.101.151 - - [29/Aug/2023:01:23:30 +0000] "GET /panel/guest.php HTTP/1.1" 404 27 "-" "Mozilla/4.0 (compatible; MSIE 6.0b; Windows NT 5.1)" "-"
185.220.101.151 - - [29/Aug/2023:01:23:31 +0000] "GET /panel/config.json HTTP/1.1" 404 555 "-" "Mozilla/4.0 (compatible; MSIE 6.0b; Windows NT 5.1)" "-"
185.220.101.151 - - [29/Aug/2023:01:23:31 +0000] "POST /index.php HTTP/1.1" 200 96219 "-" "Mozilla/4.0 (compatible; MSIE 6.0b; Windows NT 5.1)" "-"
185.220.101.151 - - [29/Aug/2023:01:23:31 +0000] "GET /panel/links.txt HTTP/1.1" 404 555 "-" "Mozilla/4.0 (compatible; MSIE 6.0b; Windows NT 5.1)" "-"
135.125.244.48 - - [29/Aug/2023:01:33:07 +0000] "GET /.env HTTP/1.1" 404 555 "-" "Mozilla/5.0 (X11; Linux x86_64) AppleWebKit/537.36 (KHTML, like Gecko) Chrome/81.0.4044.129 Safari/537.36" "-"
135.125.244.48 - - [29/Aug/2023:01:33:07 +0000] "POST / HTTP/1.1" 200 96781 "-" "Mozilla/5.0 (X11; Linux x86_64) AppleWebKit/537.36 (KHTML, like Gecko) Chrome/81.0.4044.129 Safari/537.36" "-"
107.22.38.236 - - [29/Aug/2023:01:44:58 +0000] "GET / HTTP/1.1" 200 96209 "-" "Mozilla/5.0 (Windows NT 6.1; WOW64) AppleWebKit/537.36 (KHTML, like Gecko) Chrome/44.0.2403.155 Safari/537.36 OPR/31.0.1889.174" "-"
20.229.51.198 - - [29/Aug/2023:01:52:28 +0000] "GET /index.php HTTP/1.1" 200 95845 "-" "Go-http-client/1.1" "-"
20.229.51.198 - - [29/Aug/2023:02:20:47 +0000] "GET /index.php HTTP/1.1" 200 95845 "-" "Go-http-client/1.1" "-"
51.132.236.67 - - [29/Aug/2023:02:33:18 +0000] "GET /.env HTTP/1.1" 404 555 "-" "Mozilla/5.0 (X11; Linux x86_64) AppleWebKit/537.36 (KHTML, like Gecko) Chrome/81.0.4044.129 Safari/537.36" "-"
51.132.236.67 - - [29/Aug/2023:02:33:19 +0000] "POST /.env HTTP/1.1" 404 555 "-" "Mozilla/5.0 (X11; Linux x86_64) AppleWebKit/537.36 (KHTML, like Gecko) Chrome/81.0.4044.129 Safari/537.36" "-"
40.113.118.83 - - [29/Aug/2023:02:35:56 +0000] "GET /index.php HTTP/1.1" 200 95845 "-" "Go-http-client/1.1" "-"
40.113.118.83 - - [29/Aug/2023:02:51:01 +0000] "GET /index.php HTTP/1.1" 200 95845 "-" "Go-http-client/1.1" "-"
205.210.31.21 - - [29/Aug/2023:02:56:20 +0000] "GET / HTTP/1.0" 200 95904 "-" "Expanse, a Palo Alto Networks company, searches across the global IPv4 space multiple times per day to identify customers&#39; presences on the Internet. If you would like to be excluded from our scans, please send IP addresses/domains to: scaninfo@paloaltonetworks.com" "-"
40.113.118.83 - - [29/Aug/2023:03:09:09 +0000] "GET /index.php HTTP/1.1" 200 95842 "-" "Go-http-client/1.1" "-"
135.125.246.110 - - [29/Aug/2023:03:11:14 +0000] "POST / HTTP/1.1" 200 96783 "-" "Mozilla/5.0 (X11; Linux x86_64) AppleWebKit/537.36 (KHTML, like Gecko) Chrome/81.0.4044.129 Safari/537.36" "-"
135.125.246.110 - - [29/Aug/2023:03:11:14 +0000] "GET /.env HTTP/1.1" 404 555 "-" "Mozilla/5.0 (X11; Linux x86_64) AppleWebKit/537.36 (KHTML, like Gecko) Chrome/81.0.4044.129 Safari/537.36" "-"
135.125.244.48 - - [29/Aug/2023:03:12:17 +0000] "GET /.env HTTP/1.1" 404 555 "-" "Mozilla/5.0 (X11; Linux x86_64) AppleWebKit/537.36 (KHTML, like Gecko) Chrome/81.0.4044.129 Safari/537.36" "-"
135.125.244.48 - - [29/Aug/2023:03:12:17 +0000] "POST / HTTP/1.1" 200 96780 "-" "Mozilla/5.0 (X11; Linux x86_64) AppleWebKit/537.36 (KHTML, like Gecko) Chrome/81.0.4044.129 Safari/537.36" "-"
1.14.7.100 - - [29/Aug/2023:03:12:49 +0000] "HEAD /Core/Skin/Login.aspx HTTP/1.1" 404 0 "-" "Mozilla/5.0 (Windows NT 10.0; Win64; x64) AppleWebKit/537.36 (KHTML, like Gecko) Chrome/106.0.0.0 Safari/537.36" "-"
120.75.94.198 - - [29/Aug/2023:03:33:04 +0000] "POST /index.php HTTP/1.1" 200 96426 "-" "Mozilla/4.0 (compatible; MSIE 6.0b; Windows NT 5.1)" "-"
120.75.94.198 - - [29/Aug/2023:03:33:04 +0000] "POST /index.php HTTP/1.1" 200 96449 "-" "Mozilla/4.0 (compatible; MSIE 6.0b; Windows NT 5.1)" "-"
161.35.238.241 - - [29/Aug/2023:03:49:16 +0000] "\x00\x0E8\xFE\xE3\x0Ei/\x17\xF9\xC7\x00\x00\x00\x00\x00" 400 157 "-" "-" "-"
103.149.192.80 - - [29/Aug/2023:04:20:24 +0000] "GET / HTTP/1.1" 200 96011 "-" "Mozilla/5.0 (Windows NT 10.0; Win64; x64) AppleWebKit/537.36 (KHTML, like Gecko) Chrome/79.0.3945.130 Safari/537.36" "-"
193.32.126.213 - - [29/Aug/2023:04:25:26 +0000] "GET /.git/config HTTP/1.1" 404 153 "-" "Midori/0.1.10 (X11; Linux i686; U; en-us) WebKit/(531).(2)" "-"
13.95.133.245 - - [29/Aug/2023:04:29:48 +0000] "GET /index.php HTTP/1.1" 200 95845 "-" "Go-http-client/1.1" "-"
51.132.236.67 - - [29/Aug/2023:04:36:18 +0000] "GET /.env HTTP/1.1" 404 555 "-" "Mozilla/5.0 (X11; Linux x86_64) AppleWebKit/537.36 (KHTML, like Gecko) Chrome/81.0.4044.129 Safari/537.36" "-"
51.132.236.67 - - [29/Aug/2023:04:36:19 +0000] "POST /.env HTTP/1.1" 404 555 "-" "Mozilla/5.0 (X11; Linux x86_64) AppleWebKit/537.36 (KHTML, like Gecko) Chrome/81.0.4044.129 Safari/537.36" "-"
139.162.84.205 - - [29/Aug/2023:04:43:43 +0000] "GET / HTTP/1.0" 200 28038 "-" "Mozilla/5.0 (X11; Linux x86_64) AppleWebKit/537.36 (KHTML, like Gecko) Chrome/109.0.0.0 Safari/537.36" "-"
40.113.118.83 - - [29/Aug/2023:05:01:15 +0000] "GET /index.php HTTP/1.1" 200 95845 "-" "Go-http-client/1.1" "-"
20.229.51.198 - - [29/Aug/2023:05:16:22 +0000] "GET /index.php HTTP/1.1" 200 95845 "-" "Go-http-client/1.1" "-"
1.14.7.100 - - [29/Aug/2023:05:20:29 +0000] "HEAD /Core/Skin/Login.aspx HTTP/1.1" 404 0 "-" "Mozilla/5.0 (Windows NT 10.0; Win64; x64) AppleWebKit/537.36 (KHTML, like Gecko) Chrome/106.0.0.0 Safari/537.36" "-"
135.125.246.189 - - [29/Aug/2023:05:45:22 +0000] "GET /.env HTTP/1.1" 404 555 "-" "Mozilla/5.0 (X11; Linux x86_64) AppleWebKit/537.36 (KHTML, like Gecko) Chrome/81.0.4044.129 Safari/537.36" "-"
135.125.246.189 - - [29/Aug/2023:05:45:23 +0000] "POST / HTTP/1.1" 200 96783 "-" "Mozilla/5.0 (X11; Linux x86_64) AppleWebKit/537.36 (KHTML, like Gecko) Chrome/81.0.4044.129 Safari/537.36" "-"
104.248.164.135 - - [29/Aug/2023:05:59:59 +0000] "\x16\x03\x01\x01\xFD\x01\x00\x01\xF9\x03\x03\xF2x\xC6/C\xF59\x1A9[\x91!\x18\xB26\xF1\xB9\xC0\xB0\x93\xA0\x15\xA5\xF5f\x11\x90\x9F\x00\x923\x1D\x00\x01<\xCC\x14\xCC\x13\xCC\x15\xC00\xC0,\xC0(\xC0$\xC0\x14\xC0" 400 157 "-" "-" "-"
20.229.51.198 - - [29/Aug/2023:06:07:34 +0000] "GET /index.php HTTP/1.1" 200 95845 "-" "Go-http-client/1.1" "-"
13.95.133.245 - - [29/Aug/2023:06:22:36 +0000] "GET /index.php HTTP/1.1" 200 95845 "-" "Go-http-client/1.1" "-"
167.172.52.0 - - [29/Aug/2023:06:26:47 +0000] "HEAD /panel/admin.php HTTP/1.1" 404 0 "-" "python-requests/2.18.4" "-"
135.125.246.189 - - [29/Aug/2023:06:26:59 +0000] "GET /.env HTTP/1.1" 404 555 "-" "Mozilla/5.0 (X11; Linux x86_64) AppleWebKit/537.36 (KHTML, like Gecko) Chrome/81.0.4044.129 Safari/537.36" "-"
135.125.246.189 - - [29/Aug/2023:06:27:00 +0000] "POST / HTTP/1.1" 200 96783 "-" "Mozilla/5.0 (X11; Linux x86_64) AppleWebKit/537.36 (KHTML, like Gecko) Chrome/81.0.4044.129 Safari/537.36" "-"
84.54.51.146 - - [29/Aug/2023:06:32:52 +0000] "POST /boaform/admin/formLogin HTTP/1.1" 404 153 "http://13.127.215.254:80/admin/login.asp" "Mozilla/5.0 (X11; Ubuntu; Linux x86_64; rv:71.0) Gecko/20100101 Firefox/71.0" "-"
84.54.51.146 - - [29/Aug/2023:06:32:52 +0000] "" 400 0 "-" "-" "-"
36.99.136.137 - - [29/Aug/2023:06:38:14 +0000] "GET / HTTP/1.1" 200 97229 "-" "Mozilla/5.0 (Macintosh; Intel Mac OS X 10_15_7) AppleWebKit/537.36 (KHTML, like Gecko) Chrome/96.0.4664.110 Safari/537.36" "-"
36.99.136.137 - - [29/Aug/2023:06:38:15 +0000] "GET / HTTP/1.1" 200 96605 "-" "Mozilla/5.0 (Macintosh; Intel Mac OS X 11_0_0) AppleWebKit/537.36 (KHTML, like Gecko) Chrome/87.0.4280.88 Safari/537.36" "-"
36.99.136.136 - - [29/Aug/2023:06:38:26 +0000] "GET /favicon.ico HTTP/1.1" 404 555 "-" "Mozilla/5.0 (Macintosh; Intel Mac OS X 10_15_7) AppleWebKit/537.36 (KHTML, like Gecko) Chrome/96.0.4664.110 Safari/537.36" "-"
36.99.136.128 - - [29/Aug/2023:06:47:08 +0000] "GET / HTTP/1.1" 200 97223 "-" "Mozilla/5.0 (Macintosh; Intel Mac OS X 10_15_7) AppleWebKit/537.36 (KHTML, like Gecko) Chrome/96.0.4664.110 Safari/537.36" "-"
36.99.136.136 - - [29/Aug/2023:06:47:11 +0000] "GET / HTTP/1.1" 200 96591 "-" "Mozilla/5.0 (Macintosh; Intel Mac OS X 11_0_0) AppleWebKit/537.36 (KHTML, like Gecko) Chrome/87.0.4280.88 Safari/537.36" "-"
36.99.136.137 - - [29/Aug/2023:06:47:16 +0000] "GET /favicon.ico HTTP/1.1" 404 555 "-" "Mozilla/5.0 (Macintosh; Intel Mac OS X 10_15_7) AppleWebKit/537.36 (KHTML, like Gecko) Chrome/96.0.4664.110 Safari/537.36" "-"
198.199.117.72 - - [29/Aug/2023:06:49:19 +0000] "GET /actuator/health HTTP/1.1" 404 153 "-" "Mozilla/5.0 zgrab/0.x" "-"
51.132.236.67 - - [29/Aug/2023:06:53:34 +0000] "GET /.env HTTP/1.1" 404 555 "-" "Mozilla/5.0 (X11; Linux x86_64) AppleWebKit/537.36 (KHTML, like Gecko) Chrome/81.0.4044.129 Safari/537.36" "-"
51.132.236.67 - - [29/Aug/2023:06:53:34 +0000] "POST /.env HTTP/1.1" 404 555 "-" "Mozilla/5.0 (X11; Linux x86_64) AppleWebKit/537.36 (KHTML, like Gecko) Chrome/81.0.4044.129 Safari/537.36" "-"
40.113.118.83 - - [29/Aug/2023:06:55:09 +0000] "GET /index.php HTTP/1.1" 200 95845 "-" "Go-http-client/1.1" "-"
40.113.118.83 - - [29/Aug/2023:07:20:57 +0000] "GET /index.php HTTP/1.1" 200 95845 "-" "Go-http-client/1.1" "-"
198.235.24.139 - - [29/Aug/2023:07:24:27 +0000] "\x16\x03\x01\x00\xCA\x01\x00\x00\xC6\x03\x03Q%\xA1L\xA9\x22\xC6\x0E\xEC[\x9B\xCC\x05<\x11\x06\xB0\xA7\x99?\xE7H\x15\xF8 \xC4g\xBD\xE1L\xF8\xFC\x00\x00h\xCC\x14\xCC\x13\xC0/\xC0+\xC00\xC0,\xC0\x11\xC0\x07\xC0'\xC0#\xC0\x13\xC0\x09\xC0(\xC0$\xC0\x14\xC0" 400 157 "-" "-" "-"
64.62.197.117 - - [29/Aug/2023:07:44:59 +0000] "GET / HTTP/1.1" 200 95712 "-" "Mozilla/5.0 (Windows NT 10.0; Win64; x64; rv:108.0) Gecko/20100101 Firefox/108.0" "-"
64.62.197.118 - - [29/Aug/2023:07:46:19 +0000] "GET /favicon.ico HTTP/1.1" 404 555 "-" "Mozilla/5.0 (Macintosh; Intel Mac OS X 10_15_7) AppleWebKit/537.36 (KHTML, like Gecko) Chrome/110.0.0.0 Safari/537.36" "-"
64.62.197.107 - - [29/Aug/2023:07:46:57 +0000] "GET /geoserver/web/ HTTP/1.1" 404 153 "-" "Mozilla/5.0 (Windows NT 10.0; Win64; x64; rv:108.0) Gecko/20100101 Firefox/108.0" "-"
35.203.211.116 - - [29/Aug/2023:07:47:48 +0000] "GET / HTTP/1.1" 200 96023 "-" "Expanse, a Palo Alto Networks company, searches across the global IPv4 space multiple times per day to identify customers&#39; presences on the Internet. If you would like to be excluded from our scans, please send IP addresses/domains to: scaninfo@paloaltonetworks.com" "-"
20.229.51.198 - - [29/Aug/2023:07:48:11 +0000] "GET /index.php HTTP/1.1" 200 95843 "-" "Go-http-client/1.1" "-"
90.22.93.173 - - [29/Aug/2023:07:50:22 +0000] "HEAD /panel/admin.php HTTP/1.1" 404 0 "-" "Mozilla/5.0 (Windows NT 10.0; Win64; x64) AppleWebKit/537.36 (KHTML, like Gecko) Chrome/99.0.4844.74 Safari/537.36 Edg/99.0.1150.46" "-"
90.22.93.173 - - [29/Aug/2023:07:50:22 +0000] "HEAD /panel/admin.php HTTP/1.1" 404 0 "-" "Mozilla/5.0 (Windows NT 10.0; Win64; x64) AppleWebKit/537.36 (KHTML, like Gecko) Chrome/99.0.4844.74 Safari/537.36 Edg/99.0.1150.46" "-"
20.229.51.198 - - [29/Aug/2023:08:08:32 +0000] "GET /index.php HTTP/1.1" 200 95845 "-" "Go-http-client/1.1" "-"
51.132.236.67 - - [29/Aug/2023:08:16:21 +0000] "GET /.env HTTP/1.1" 404 555 "-" "Mozilla/5.0 (X11; Linux x86_64) AppleWebKit/537.36 (KHTML, like Gecko) Chrome/81.0.4044.129 Safari/537.36" "-"
51.132.236.67 - - [29/Aug/2023:08:16:21 +0000] "POST /.env HTTP/1.1" 404 555 "-" "Mozilla/5.0 (X11; Linux x86_64) AppleWebKit/537.36 (KHTML, like Gecko) Chrome/81.0.4044.129 Safari/537.36" "-"
187.188.145.38 - - [29/Aug/2023:08:20:54 +0000] "GET / HTTP/1.1" 200 71824 "-" "Mozilla/5.0 (Windows NT 10.0; WOW64) AppleWebKit/537.36 (KHTML, like Gecko) Chrome/51.0.2704.103 Safari/537.36" "-"
135.125.246.189 - - [29/Aug/2023:08:23:13 +0000] "GET /.env HTTP/1.1" 404 555 "-" "Mozilla/5.0 (X11; Linux x86_64) AppleWebKit/537.36 (KHTML, like Gecko) Chrome/81.0.4044.129 Safari/537.36" "-"
135.125.246.189 - - [29/Aug/2023:08:23:14 +0000] "POST / HTTP/1.1" 200 96783 "-" "Mozilla/5.0 (X11; Linux x86_64) AppleWebKit/537.36 (KHTML, like Gecko) Chrome/81.0.4044.129 Safari/537.36" "-"
13.95.133.245 - - [29/Aug/2023:08:38:49 +0000] "GET /index.php HTTP/1.1" 200 95843 "-" "Go-http-client/1.1" "-"
185.254.196.186 - - [29/Aug/2023:08:39:09 +0000] "GET /.env HTTP/1.1" 404 555 "-" "Mozilla/5.0 (X11; Linux x86_64) AppleWebKit/537.36 (KHTML, like Gecko) Chrome/81.0.4044.129 Safari/537.36" "-"
185.254.196.186 - - [29/Aug/2023:08:39:10 +0000] "POST / HTTP/1.1" 200 96773 "-" "Mozilla/5.0 (X11; Linux x86_64) AppleWebKit/537.36 (KHTML, like Gecko) Chrome/81.0.4044.129 Safari/537.36" "-"
139.162.84.205 - - [29/Aug/2023:08:46:37 +0000] "GET / HTTP/1.0" 200 28038 "-" "Mozilla/5.0 (X11; Linux x86_64) AppleWebKit/537.36 (KHTML, like Gecko) Chrome/109.0.0.0 Safari/537.36" "-"
109.237.96.124 - - [29/Aug/2023:09:04:43 +0000] "GET /users/sign_in HTTP/1.1" 404 555 "-" "Mozilla/5.0 (Windows NT 10.0; Win64; x64) AppleWebKit/537.36 (KHTML, like Gecko) Chrome/78.0.3904.108 Safari/537.36" "-"
109.237.96.124 - - [29/Aug/2023:09:04:44 +0000] "GET /users/sign_in HTTP/1.1" 404 555 "-" "Mozilla/5.0 (Windows NT 10.0; Win64; x64) AppleWebKit/537.36 (KHTML, like Gecko) Chrome/78.0.3904.108 Safari/537.36" "-"
109.237.96.124 - - [29/Aug/2023:09:04:45 +0000] "GET /users/sign_in HTTP/1.1" 404 555 "-" "Mozilla/5.0 (Windows NT 10.0; Win64; x64) AppleWebKit/537.36 (KHTML, like Gecko) Chrome/78.0.3904.108 Safari/537.36" "-"
109.237.96.124 - - [29/Aug/2023:09:04:45 +0000] "GET /users/sign_in HTTP/1.1" 404 555 "-" "Mozilla/5.0 (Windows NT 10.0; Win64; x64) AppleWebKit/537.36 (KHTML, like Gecko) Chrome/78.0.3904.108 Safari/537.36" "-"
13.95.133.245 - - [29/Aug/2023:09:32:01 +0000] "GET /index.php HTTP/1.1" 200 95845 "-" "Go-http-client/1.1" "-"
138.197.145.194 - - [29/Aug/2023:09:41:24 +0000] "GET / HTTP/1.1" 200 96776 "-" "Mozilla/5.0 (X11; Linux x86_64) AppleWebKit/537.36 (KHTML, like Gecko) Chrome/108.0.0.0 Safari/537.36" "-"
90.22.93.173 - - [29/Aug/2023:09:44:23 +0000] "HEAD /index.php HTTP/1.1" 200 0 "-" "Mozilla/5.0 (Windows NT 10.0; Win64; x64) AppleWebKit/537.36 (KHTML, like Gecko) Chrome/99.0.4844.74 Safari/537.36 Edg/99.0.1150.46" "-"
90.22.93.173 - - [29/Aug/2023:09:44:23 +0000] "HEAD /index.php HTTP/1.1" 200 0 "-" "Mozilla/5.0 (Windows NT 10.0; Win64; x64) AppleWebKit/537.36 (KHTML, like Gecko) Chrome/99.0.4844.74 Safari/537.36 Edg/99.0.1150.46" "-"
40.113.118.83 - - [29/Aug/2023:09:47:02 +0000] "GET /index.php HTTP/1.1" 200 95843 "-" "Go-http-client/1.1" "-"
135.125.246.189 - - [29/Aug/2023:09:47:17 +0000] "GET /.env HTTP/1.1" 404 555 "-" "Mozilla/5.0 (X11; Linux x86_64) AppleWebKit/537.36 (KHTML, like Gecko) Chrome/81.0.4044.129 Safari/537.36" "-"
135.125.246.189 - - [29/Aug/2023:09:47:17 +0000] "POST / HTTP/1.1" 200 96783 "-" "Mozilla/5.0 (X11; Linux x86_64) AppleWebKit/537.36 (KHTML, like Gecko) Chrome/81.0.4044.129 Safari/537.36" "-"
1.14.7.100 - - [29/Aug/2023:09:49:16 +0000] "HEAD /Core/Skin/Login.aspx HTTP/1.1" 404 0 "-" "Mozilla/5.0 (Windows NT 10.0; Win64; x64) AppleWebKit/537.36 (KHTML, like Gecko) Chrome/106.0.0.0 Safari/537.36" "-"
35.203.210.168 - - [29/Aug/2023:10:00:37 +0000] "GET / HTTP/1.1" 200 96023 "-" "Expanse, a Palo Alto Networks company, searches across the global IPv4 space multiple times per day to identify customers&#39; presences on the Internet. If you would like to be excluded from our scans, please send IP addresses/domains to: scaninfo@paloaltonetworks.com" "-"
40.113.118.83 - - [29/Aug/2023:10:18:21 +0000] "GET /index.php HTTP/1.1" 200 95845 "-" "Go-http-client/1.1" "-"
198.235.24.132 - - [29/Aug/2023:10:21:44 +0000] "\x16\x03\x01\x00\xCA\x01\x00\x00\xC6\x03\x03\xC4\x8A\x89R2\xC0>g@\x1BO\xB7\xB5\xE9\xC3\xCE\xC0\xE4" 400 157 "-" "-" "-"
198.199.111.207 - - [29/Aug/2023:10:39:48 +0000] "MGLNDD_13.127.215.254_80" 400 157 "-" "-" "-"
120.0.52.171 - - [29/Aug/2023:11:07:44 +0000] "GET / HTTP/1.0" 200 95378 "-" "-" "-"
117.25.124.49 - - [29/Aug/2023:11:10:00 +0000] "GET / HTTP/1.1" 200 95806 "-" "Mozilla/5.0 (Windows NT 6.1) AppleWebKit/537.36 (KHTML, like Gecko) Chrome/49.0.2623.112 Safari/537.36" "-"
58.19.59.141 - - [29/Aug/2023:11:10:01 +0000] "GET /favicon.ico HTTP/1.1" 404 555 "-" "Mozilla/5.0 (Windows NT 6.1) AppleWebKit/537.36 (KHTML, like Gecko) Chrome/49.0.2623.112 Safari/537.36" "-"
3.230.173.139 - - [29/Aug/2023:11:19:01 +0000] "GET / HTTP/1.1" 200 96238 "-" "Mozilla/5.0 (iPhone; CPU iPhone OS 12_0 like Mac OS X) AppleWebKit/604.1.34 (KHTML, like Gecko) CriOS/67.0.3396.69 Mobile/16A366 Safari/604.1" "-"
20.229.51.198 - - [29/Aug/2023:11:25:38 +0000] "GET /index.php HTTP/1.1" 200 95845 "-" "Go-http-client/1.1" "-"
40.113.118.83 - - [29/Aug/2023:11:40:39 +0000] "GET /index.php HTTP/1.1" 200 95844 "-" "Go-http-client/1.1" "-"
35.82.31.231 - - [29/Aug/2023:11:57:24 +0000] "GET /wp-includes/wlwmanifest.xml HTTP/1.1" 400 559 "-" "Mozilla/5.0 (Windows NT 10.0; Win64; x64) AppleWebKit/537.36 (KHTML, like Gecko) Chrome/78.0.3904.108 Safari/537.36" "-"
1.14.7.100 - - [29/Aug/2023:11:59:37 +0000] "HEAD /Core/Skin/Login.aspx HTTP/1.1" 404 0 "-" "Mozilla/5.0 (Windows NT 10.0; Win64; x64) AppleWebKit/537.36 (KHTML, like Gecko) Chrome/106.0.0.0 Safari/537.36" "-"
140.82.59.119 - - [29/Aug/2023:12:02:36 +0000] "GET / HTTP/1.1" 200 95636 "-" "curl/7.81.0" "-"
140.82.59.119 - - [29/Aug/2023:12:02:37 +0000] "GET / HTTP/1.1" 200 95644 "-" "curl/7.81.0" "-"
13.95.133.245 - - [29/Aug/2023:12:10:44 +0000] "GET /index.php HTTP/1.1" 200 95845 "-" "Go-http-client/1.1" "-"
74.82.47.5 - - [29/Aug/2023:12:20:22 +0000] "\x16\x03\x01\x00{\x01\x00\x00w\x03\x03\x06e$\x1D@\xCE^\xB7v.\xE0\xEA\x12\xEF7\xA1U6\xE2\xA6;l\x5C\xEA\xBF)\xB0E\x98{\x5C[\x00\x00\x1A\xC0/\xC0+\xC0\x11\xC0\x07\xC0\x13\xC0\x09\xC0\x14\xC0" 400 157 "-" "-" "-"
135.125.246.189 - - [29/Aug/2023:12:20:42 +0000] "GET /.env HTTP/1.1" 404 555 "-" "Mozilla/5.0 (X11; Linux x86_64) AppleWebKit/537.36 (KHTML, like Gecko) Chrome/81.0.4044.129 Safari/537.36" "-"
135.125.246.189 - - [29/Aug/2023:12:20:43 +0000] "POST / HTTP/1.1" 200 96783 "-" "Mozilla/5.0 (X11; Linux x86_64) AppleWebKit/537.36 (KHTML, like Gecko) Chrome/81.0.4044.129 Safari/537.36" "-"
167.172.52.0 - - [29/Aug/2023:12:25:27 +0000] "HEAD /panel/admin.php HTTP/1.1" 404 0 "-" "python-requests/2.18.4" "-"
40.113.118.83 - - [29/Aug/2023:12:25:47 +0000] "GET /index.php HTTP/1.1" 200 95845 "-" "Go-http-client/1.1" "-"
185.180.143.190 - - [29/Aug/2023:12:27:45 +0000] "GET / HTTP/1.1" 200 96013 "-" "Mozilla/5.0 (Windows NT 10.0; Win64; x64) AppleWebKit/537.36 (KHTML, like Gecko) Chrome/60.0.3112.113 Safari/537.36" "-"
139.162.84.205 - - [29/Aug/2023:12:42:45 +0000] "GET / HTTP/1.0" 200 28038 "-" "Mozilla/5.0 (X11; Linux x86_64) AppleWebKit/537.36 (KHTML, like Gecko) Chrome/109.0.0.0 Safari/537.36" "-"
13.95.133.245 - - [29/Aug/2023:12:55:55 +0000] "GET /index.php HTTP/1.1" 200 95845 "-" "Go-http-client/1.1" "-"
185.254.196.173 - - [29/Aug/2023:13:08:20 +0000] "GET /.env HTTP/1.1" 404 555 "-" "Mozilla/5.0 (X11; Linux x86_64) AppleWebKit/537.36 (KHTML, like Gecko) Chrome/81.0.4044.129 Safari/537.36" "-"
185.254.196.173 - - [29/Aug/2023:13:08:20 +0000] "POST / HTTP/1.1" 200 96773 "-" "Mozilla/5.0 (X11; Linux x86_64) AppleWebKit/537.36 (KHTML, like Gecko) Chrome/81.0.4044.129 Safari/537.36" "-"
13.95.133.245 - - [29/Aug/2023:13:10:59 +0000] "GET /index.php HTTP/1.1" 200 95845 "-" "Go-http-client/1.1" "-"
146.190.135.19 - - [29/Aug/2023:13:22:41 +0000] "GET / HTTP/1.0" 200 95520 "-" "Mozilla/5.0 (Windows NT 10.0; Win64; x64; rv:109.0) Gecko/20100101 Firefox/116.0" "-"
107.22.38.236 - - [29/Aug/2023:13:30:56 +0000] "GET / HTTP/1.1" 200 96198 "-" "Mozilla/5.0 (Macintosh; Intel Mac OS X 10_14_1) AppleWebKit/537.36 (KHTML, like Gecko) Chrome/75.0.3770.142 Safari/537.36" "-"
110.169.128.69 - - [29/Aug/2023:13:40:55 +0000] "GET / HTTP/1.1" 200 61405 "-" "Mozilla/5.0 (Windows NT 10.0; WOW64) AppleWebKit/537.36 (KHTML, like Gecko) Chrome/51.0.2704.103 Safari/537.36" "-"
13.95.133.245 - - [29/Aug/2023:13:57:13 +0000] "GET /index.php HTTP/1.1" 200 95844 "-" "Go-http-client/1.1" "-"
135.125.246.189 - - [29/Aug/2023:14:01:25 +0000] "GET /.env HTTP/1.1" 404 555 "-" "Mozilla/5.0 (X11; Linux x86_64) AppleWebKit/537.36 (KHTML, like Gecko) Chrome/81.0.4044.129 Safari/537.36" "-"
135.125.246.189 - - [29/Aug/2023:14:01:25 +0000] "POST / HTTP/1.1" 200 96783 "-" "Mozilla/5.0 (X11; Linux x86_64) AppleWebKit/537.36 (KHTML, like Gecko) Chrome/81.0.4044.129 Safari/537.36" "-"
13.95.133.245 - - [29/Aug/2023:14:12:24 +0000] "GET /index.php HTTP/1.1" 200 95845 "-" "Go-http-client/1.1" "-"
205.210.31.151 - - [29/Aug/2023:14:14:59 +0000] "GET / HTTP/1.0" 200 95906 "-" "Expanse, a Palo Alto Networks company, searches across the global IPv4 space multiple times per day to identify customers&#39; presences on the Internet. If you would like to be excluded from our scans, please send IP addresses/domains to: scaninfo@paloaltonetworks.com" "-"
1.14.7.100 - - [29/Aug/2023:14:21:32 +0000] "HEAD /Core/Skin/Login.aspx HTTP/1.1" 404 0 "-" "Mozilla/5.0 (Windows NT 10.0; Win64; x64) AppleWebKit/537.36 (KHTML, like Gecko) Chrome/106.0.0.0 Safari/537.36" "-"
135.125.246.189 - - [29/Aug/2023:14:29:02 +0000] "GET /.env HTTP/1.1" 404 555 "-" "Mozilla/5.0 (X11; Linux x86_64) AppleWebKit/537.36 (KHTML, like Gecko) Chrome/81.0.4044.129 Safari/537.36" "-"
135.125.246.189 - - [29/Aug/2023:14:29:02 +0000] "POST / HTTP/1.1" 200 96783 "-" "Mozilla/5.0 (X11; Linux x86_64) AppleWebKit/537.36 (KHTML, like Gecko) Chrome/81.0.4044.129 Safari/537.36" "-"
161.35.236.158 - - [29/Aug/2023:14:33:00 +0000] "\x00\x0E8\xBEa\x0C\x86Uf" 400 157 "-" "-" "-"
13.95.133.245 - - [29/Aug/2023:14:58:37 +0000] "GET /index.php HTTP/1.1" 200 95845 "-" "Go-http-client/1.1" "-"
31.58.242.204 - - [29/Aug/2023:15:05:15 +0000] "GET / HTTP/1.1" 200 95798 "-" "Mozilla/5.0 (Windows NT 6.1; WOW64) AppleWebKit/537.36 (KHTML, like Gecko) Chrome/51.0.2704.103 Safari/537.36" "-"
34.76.158.233 - - [29/Aug/2023:15:22:07 +0000] "GET / HTTP/1.1" 200 96593 "-" "python-requests/2.31.0" "-"
20.229.51.198 - - [29/Aug/2023:15:28:41 +0000] "GET /index.php HTTP/1.1" 200 95844 "-" "Go-http-client/1.1" "-"
93.90.72.216 - - [29/Aug/2023:15:28:49 +0000] "\x16\x03\x01\x00\xB1\x01\x00\x00\xAD\x03\x03\x92\x8D7\xD2\xB0\x87\xFFZ\x80\x980X\x93UVD4\x13@\x07\xD5\xAF~\x16\xCAGVbH\xB5\xBE" 400 157 "-" "-" "-"
93.90.72.216 - - [29/Aug/2023:15:28:59 +0000] "l\x00\x0B\x00\x00\x00\x00\x00\x00\x00\x00\x00" 400 157 "-" "-" "-"
93.90.72.216 - - [29/Aug/2023:15:28:59 +0000] "GET / HTTP/1.1" 200 95642 "-" "-" "-"
93.90.72.216 - - [29/Aug/2023:15:30:17 +0000] "GET /favicon.ico HTTP/1.1" 404 153 "-" "Go-http-client/1.1" "-"
93.90.72.216 - - [29/Aug/2023:15:30:22 +0000] "GET /robots.txt HTTP/1.1" 404 153 "-" "Go-http-client/1.1" "-"
93.90.72.216 - - [29/Aug/2023:15:30:24 +0000] "GET /sitemap.xml HTTP/1.1" 404 153 "-" "Go-http-client/1.1" "-"
93.90.72.216 - - [29/Aug/2023:15:30:28 +0000] "GET / HTTP/1.1" 200 95961 "http://13.127.215.254/" "Mozilla/5.0 (Windows NT 6.1; WOW64; rv:34.0) Gecko/20100101 Firefox/34.0" "-"
93.90.72.216 - - [29/Aug/2023:15:30:40 +0000] "GET /favicon.ico HTTP/1.1" 404 555 "" "Mozilla/5.0 (Macintosh; Intel Mac OS X 10_7_0) AppleWebKit/535.11 (KHTML, like Gecko) Chrome/17.0.963.56 Safari/535.11" "-"
109.237.96.251 - - [29/Aug/2023:15:41:25 +0000] "GET /users/sign_in HTTP/1.1" 404 555 "-" "Mozilla/5.0 (Windows NT 10.0; Win64; x64) AppleWebKit/537.36 (KHTML, like Gecko) Chrome/78.0.3904.108 Safari/537.36" "-"
109.237.96.251 - - [29/Aug/2023:15:41:26 +0000] "GET /users/sign_in HTTP/1.1" 404 555 "-" "Mozilla/5.0 (Windows NT 10.0; Win64; x64) AppleWebKit/537.36 (KHTML, like Gecko) Chrome/78.0.3904.108 Safari/537.36" "-"
109.237.96.251 - - [29/Aug/2023:15:41:27 +0000] "GET /users/sign_in HTTP/1.1" 404 555 "-" "Mozilla/5.0 (Windows NT 10.0; Win64; x64) AppleWebKit/537.36 (KHTML, like Gecko) Chrome/78.0.3904.108 Safari/537.36" "-"
109.237.96.251 - - [29/Aug/2023:15:41:30 +0000] "GET /users/sign_in HTTP/1.1" 404 555 "-" "Mozilla/5.0 (Windows NT 10.0; Win64; x64) AppleWebKit/537.36 (KHTML, like Gecko) Chrome/78.0.3904.108 Safari/537.36" "-"
20.229.51.198 - - [29/Aug/2023:15:43:43 +0000] "GET /index.php HTTP/1.1" 200 95845 "-" "Go-http-client/1.1" "-"
93.90.72.216 - - [29/Aug/2023:15:47:10 +0000] "POST / HTTP/1.1" 200 96388 "-" "python-requests/2.31.0" "-"
3.230.173.139 - - [29/Aug/2023:16:02:17 +0000] "GET / HTTP/1.1" 200 96174 "-" "Mozilla/5.0 (Windows NT 10.0; WOW64) AppleWebKit/537.36 (KHTML, like Gecko) Chrome/67.0.3396.99 Safari/537.36" "-"
135.125.217.54 - - [29/Aug/2023:16:12:59 +0000] "GET /.env HTTP/1.1" 404 555 "-" "Mozilla/5.0 (X11; Linux x86_64) AppleWebKit/537.36 (KHTML, like Gecko) Chrome/81.0.4044.129 Safari/537.36" "-"
135.125.217.54 - - [29/Aug/2023:16:12:59 +0000] "POST / HTTP/1.1" 200 96781 "-" "Mozilla/5.0 (X11; Linux x86_64) AppleWebKit/537.36 (KHTML, like Gecko) Chrome/81.0.4044.129 Safari/537.36" "-"
40.113.118.83 - - [29/Aug/2023:16:14:29 +0000] "GET /index.php HTTP/1.1" 200 95845 "-" "Go-http-client/1.1" "-"
51.132.236.67 - - [29/Aug/2023:16:29:15 +0000] "GET /.env HTTP/1.1" 404 555 "-" "Mozilla/5.0 (X11; Linux x86_64) AppleWebKit/537.36 (KHTML, like Gecko) Chrome/81.0.4044.129 Safari/537.36" "-"
51.132.236.67 - - [29/Aug/2023:16:29:15 +0000] "POST /.env HTTP/1.1" 404 555 "-" "Mozilla/5.0 (X11; Linux x86_64) AppleWebKit/537.36 (KHTML, like Gecko) Chrome/81.0.4044.129 Safari/537.36" "-"
13.95.133.245 - - [29/Aug/2023:16:29:30 +0000] "GET /index.php HTTP/1.1" 200 95845 "-" "Go-http-client/1.1" "-"
103.203.57.1 - - [29/Aug/2023:16:34:19 +0000] "GET / HTTP/1.1" 200 95722 "-" "HTTP Banner Detection (https://security.ipip.net)" "-"
139.162.84.205 - - [29/Aug/2023:16:41:11 +0000] "GET / HTTP/1.0" 200 28038 "-" "Mozilla/5.0 (X11; Linux x86_64) AppleWebKit/537.36 (KHTML, like Gecko) Chrome/109.0.0.0 Safari/537.36" "-"
1.14.7.100 - - [29/Aug/2023:16:42:33 +0000] "HEAD /Core/Skin/Login.aspx HTTP/1.1" 404 0 "-" "Mozilla/5.0 (Windows NT 10.0; Win64; x64) AppleWebKit/537.36 (KHTML, like Gecko) Chrome/106.0.0.0 Safari/537.36" "-"
13.95.133.245 - - [29/Aug/2023:16:59:42 +0000] "GET /index.php HTTP/1.1" 200 95845 "-" "Go-http-client/1.1" "-"
13.95.133.245 - - [29/Aug/2023:17:14:55 +0000] "GET /index.php HTTP/1.1" 200 95868 "-" "Go-http-client/1.1" "-"
84.54.51.99 - - [29/Aug/2023:17:32:55 +0000] "POST /boaform/admin/formLogin HTTP/1.1" 404 153 "http://13.127.215.254:80/admin/login.asp" "Mozilla/5.0 (X11; Ubuntu; Linux x86_64; rv:71.0) Gecko/20100101 Firefox/71.0" "-"
84.54.51.99 - - [29/Aug/2023:17:32:55 +0000] "" 400 0 "-" "-" "-"
13.95.133.245 - - [29/Aug/2023:17:45:08 +0000] "GET /index.php HTTP/1.1" 200 95844 "-" "Go-http-client/1.1" "-"
195.87.226.148 - - [29/Aug/2023:18:00:19 +0000] "GET / HTTP/1.0" 200 29738 "-" "-" "-"
13.95.133.245 - - [29/Aug/2023:18:15:57 +0000] "GET /index.php HTTP/1.1" 200 95843 "-" "Go-http-client/1.1" "-"
167.172.52.0 - - [29/Aug/2023:18:26:23 +0000] "HEAD /panel/admin.php HTTP/1.1" 404 0 "-" "python-requests/2.18.4" "-"
135.125.217.54 - - [29/Aug/2023:18:31:12 +0000] "GET /.env HTTP/1.1" 404 555 "-" "Mozilla/5.0 (X11; Linux x86_64) AppleWebKit/537.36 (KHTML, like Gecko) Chrome/81.0.4044.129 Safari/537.36" "-"
135.125.217.54 - - [29/Aug/2023:18:31:13 +0000] "POST / HTTP/1.1" 200 96781 "-" "Mozilla/5.0 (X11; Linux x86_64) AppleWebKit/537.36 (KHTML, like Gecko) Chrome/81.0.4044.129 Safari/537.36" "-"
40.113.118.83 - - [29/Aug/2023:18:32:50 +0000] "GET /index.php HTTP/1.1" 200 95845 "-" "Go-http-client/1.1" "-"
15.237.61.48 - - [29/Aug/2023:18:34:24 +0000] "GET /.git/ HTTP/1.1" 404 153 "-" "Mozilla/5.0 (X11; Linux x86_64; rv:109.0) Gecko/20100101 Firefox/115.0" "-"
15.237.61.48 - - [29/Aug/2023:18:34:24 +0000] "GET /git/ HTTP/1.1" 404 555 "-" "Mozilla/5.0 (Windows NT 10.0; Win64; x64) AppleWebKit/537.36 (KHTML, like Gecko) Chrome/113.0.0.0 Safari/537.36" "-"
1.14.7.100 - - [29/Aug/2023:18:42:08 +0000] "HEAD /Core/Skin/Login.aspx HTTP/1.1" 404 0 "-" "Mozilla/5.0 (Windows NT 10.0; Win64; x64) AppleWebKit/537.36 (KHTML, like Gecko) Chrome/106.0.0.0 Safari/537.36" "-"
20.229.51.198 - - [29/Aug/2023:19:00:08 +0000] "GET /index.php HTTP/1.1" 200 95845 "-" "Go-http-client/1.1" "-"
185.254.196.173 - - [29/Aug/2023:19:07:59 +0000] "GET /.env HTTP/1.1" 404 555 "-" "Mozilla/5.0 (X11; Linux x86_64) AppleWebKit/537.36 (KHTML, like Gecko) Chrome/81.0.4044.129 Safari/537.36" "-"
185.254.196.173 - - [29/Aug/2023:19:07:59 +0000] "POST / HTTP/1.1" 200 96773 "-" "Mozilla/5.0 (X11; Linux x86_64) AppleWebKit/537.36 (KHTML, like Gecko) Chrome/81.0.4044.129 Safari/537.36" "-"
20.229.51.198 - - [29/Aug/2023:19:15:12 +0000] "GET /index.php HTTP/1.1" 200 95845 "-" "Go-http-client/1.1" "-"
120.75.94.198 - - [29/Aug/2023:19:33:34 +0000] "POST /index.php HTTP/1.1" 200 96426 "-" "Mozilla/4.0 (compatible; MSIE 6.0b; Windows NT 5.1)" "-"
120.75.94.198 - - [29/Aug/2023:19:33:35 +0000] "POST /index.php HTTP/1.1" 200 96449 "-" "Mozilla/4.0 (compatible; MSIE 6.0b; Windows NT 5.1)" "-"
13.95.133.245 - - [29/Aug/2023:19:45:15 +0000] "GET /index.php HTTP/1.1" 200 95845 "-" "Go-http-client/1.1" "-"
20.229.51.198 - - [29/Aug/2023:20:00:15 +0000] "GET /index.php HTTP/1.1" 200 95845 "-" "Go-http-client/1.1" "-"
135.125.217.54 - - [29/Aug/2023:20:05:48 +0000] "GET /.env HTTP/1.1" 404 555 "-" "Mozilla/5.0 (X11; Linux x86_64) AppleWebKit/537.36 (KHTML, like Gecko) Chrome/81.0.4044.129 Safari/537.36" "-"
135.125.217.54 - - [29/Aug/2023:20:05:48 +0000] "POST / HTTP/1.1" 200 96781 "-" "Mozilla/5.0 (X11; Linux x86_64) AppleWebKit/537.36 (KHTML, like Gecko) Chrome/81.0.4044.129 Safari/537.36" "-"
1.14.7.100 - - [29/Aug/2023:20:29:07 +0000] "HEAD /Core/Skin/Login.aspx HTTP/1.1" 404 0 "-" "Mozilla/5.0 (Windows NT 10.0; Win64; x64) AppleWebKit/537.36 (KHTML, like Gecko) Chrome/106.0.0.0 Safari/537.36" "-"
40.113.118.83 - - [29/Aug/2023:20:30:19 +0000] "GET /index.php HTTP/1.1" 200 95845 "-" "Go-http-client/1.1" "-"
139.162.84.205 - - [29/Aug/2023:20:44:50 +0000] "GET / HTTP/1.0" 200 28038 "-" "Mozilla/5.0 (X11; Linux x86_64) AppleWebKit/537.36 (KHTML, like Gecko) Chrome/109.0.0.0 Safari/537.36" "-"
13.95.133.245 - - [29/Aug/2023:20:45:22 +0000] "GET /index.php HTTP/1.1" 200 95845 "-" "Go-http-client/1.1" "-"
40.113.118.83 - - [29/Aug/2023:21:00:24 +0000] "GET /index.php HTTP/1.1" 200 95845 "-" "Go-http-client/1.1" "-"
185.254.196.173 - - [29/Aug/2023:21:03:13 +0000] "GET /.env HTTP/1.1" 404 555 "-" "Mozilla/5.0 (X11; Linux x86_64) AppleWebKit/537.36 (KHTML, like Gecko) Chrome/81.0.4044.129 Safari/537.36" "-"
185.254.196.173 - - [29/Aug/2023:21:03:13 +0000] "POST / HTTP/1.1" 200 96772 "-" "Mozilla/5.0 (X11; Linux x86_64) AppleWebKit/537.36 (KHTML, like Gecko) Chrome/81.0.4044.129 Safari/537.36" "-"
128.14.141.34 - - [29/Aug/2023:21:09:11 +0000] "GET / HTTP/1.1" 200 96009 "-" "Mozilla/5.0 (Windows NT 10.0; Win64; x64) AppleWebKit/537.36 (KHTML, like Gecko) Chrome/60.0.3112.113 Safari/537.36" "-"
40.113.118.83 - - [29/Aug/2023:21:31:31 +0000] "GET /index.php HTTP/1.1" 200 95845 "-" "Go-http-client/1.1" "-"
109.237.96.251 - - [29/Aug/2023:21:37:11 +0000] "GET /users/sign_in HTTP/1.1" 404 555 "-" "Mozilla/5.0 (Windows NT 10.0; Win64; x64) AppleWebKit/537.36 (KHTML, like Gecko) Chrome/78.0.3904.108 Safari/537.36" "-"
135.125.217.54 - - [29/Aug/2023:21:37:11 +0000] "GET /.env HTTP/1.1" 404 555 "-" "Mozilla/5.0 (X11; Linux x86_64) AppleWebKit/537.36 (KHTML, like Gecko) Chrome/81.0.4044.129 Safari/537.36" "-"
135.125.217.54 - - [29/Aug/2023:21:37:12 +0000] "POST / HTTP/1.1" 200 96781 "-" "Mozilla/5.0 (X11; Linux x86_64) AppleWebKit/537.36 (KHTML, like Gecko) Chrome/81.0.4044.129 Safari/537.36" "-"
109.237.96.251 - - [29/Aug/2023:21:37:13 +0000] "GET /users/sign_in HTTP/1.1" 404 555 "-" "Mozilla/5.0 (Windows NT 10.0; Win64; x64) AppleWebKit/537.36 (KHTML, like Gecko) Chrome/78.0.3904.108 Safari/537.36" "-"
109.237.96.251 - - [29/Aug/2023:21:37:13 +0000] "GET /users/sign_in HTTP/1.1" 404 555 "-" "Mozilla/5.0 (Windows NT 10.0; Win64; x64) AppleWebKit/537.36 (KHTML, like Gecko) Chrome/78.0.3904.108 Safari/537.36" "-"
109.237.96.251 - - [29/Aug/2023:21:37:14 +0000] "GET /users/sign_in HTTP/1.1" 404 555 "-" "Mozilla/5.0 (Windows NT 10.0; Win64; x64) AppleWebKit/537.36 (KHTML, like Gecko) Chrome/78.0.3904.108 Safari/537.36" "-"
45.33.80.243 - - [29/Aug/2023:21:54:16 +0000] "\x16\x03\x01\x00\x85\x01\x00\x00\x81\x03\x03\xD4\x0B\xE6k\xC3\xD0\xCD\xD7{/\x8B\x1C\x02}\xCD@N\xCF\x93~\xB3>\x86$\x0B>\xCC\xB2\xEC\xB5\x8B\xFC\x00\x00 \xC0/\xC00\xC0+\xC0,\xCC\xA8\xCC\xA9\xC0\x13\xC0\x09\xC0\x14\xC0" 400 157 "-" "-" "-"
40.113.118.83 - - [29/Aug/2023:22:02:36 +0000] "GET /index.php HTTP/1.1" 200 95845 "-" "Go-http-client/1.1" "-"
1.14.7.100 - - [29/Aug/2023:22:11:04 +0000] "HEAD /Core/Skin/Login.aspx HTTP/1.1" 404 0 "-" "Mozilla/5.0 (Windows NT 10.0; Win64; x64) AppleWebKit/537.36 (KHTML, like Gecko) Chrome/106.0.0.0 Safari/537.36" "-"
54.145.183.13 - - [29/Aug/2023:22:15:33 +0000] "GET /frontend_dev.php/$ HTTP/1.1" 404 153 "-" "Mozilla/5.0 (Macintosh; Intel Mac OS X 10.15; rv:77.0) Gecko/20100101 Firefox/77.0" "-"
54.145.183.13 - - [29/Aug/2023:22:15:37 +0000] "GET /debug/default/view?panel=config HTTP/1.1" 404 153 "-" "Mozilla/5.0 (Macintosh; Intel Mac OS X 10.15; rv:77.0) Gecko/20100101 Firefox/77.0" "-"
13.95.133.245 - - [29/Aug/2023:22:17:37 +0000] "GET /index.php HTTP/1.1" 200 95844 "-" "Go-http-client/1.1" "-"
135.125.217.54 - - [29/Aug/2023:22:25:48 +0000] "GET /.env HTTP/1.1" 404 555 "-" "Mozilla/5.0 (X11; Linux x86_64) AppleWebKit/537.36 (KHTML, like Gecko) Chrome/81.0.4044.129 Safari/537.36" "-"
135.125.217.54 - - [29/Aug/2023:22:25:48 +0000] "POST / HTTP/1.1" 200 96781 "-" "Mozilla/5.0 (X11; Linux x86_64) AppleWebKit/537.36 (KHTML, like Gecko) Chrome/81.0.4044.129 Safari/537.36" "-"
162.216.150.60 - - [29/Aug/2023:22:31:33 +0000] "GET / HTTP/1.1" 200 96023 "-" "Expanse, a Palo Alto Networks company, searches across the global IPv4 space multiple times per day to identify customers&#39; presences on the Internet. If you would like to be excluded from our scans, please send IP addresses/domains to: scaninfo@paloaltonetworks.com" "-"
13.95.133.245 - - [29/Aug/2023:22:32:39 +0000] "GET /index.php HTTP/1.1" 200 95845 "-" "Go-http-client/1.1" "-"
40.113.118.83 - - [29/Aug/2023:22:47:44 +0000] "GET /index.php HTTP/1.1" 200 95845 "-" "Go-http-client/1.1" "-"
205.210.31.130 - - [29/Aug/2023:23:01:37 +0000] "GET / HTTP/1.1" 200 96023 "-" "Expanse, a Palo Alto Networks company, searches across the global IPv4 space multiple times per day to identify customers&#39; presences on the Internet. If you would like to be excluded from our scans, please send IP addresses/domains to: scaninfo@paloaltonetworks.com" "-"
40.113.118.83 - - [29/Aug/2023:23:18:22 +0000] "GET /index.php HTTP/1.1" 200 95868 "-" "Go-http-client/1.1" "-"
51.158.241.133 - - [29/Aug/2023:23:35:29 +0000] "HEAD / HTTP/1.1" 200 0 "-" "curl/7.81.0" "-"
51.158.241.133 - - [29/Aug/2023:23:35:29 +0000] "GET / HTTP/1.1" 200 96211 "-" "Mozilla/5.0 (Windows NT 10.0; Win64; x64) AppleWebKit/537.36 (KHTML, like Gecko) Chrome/112.0.0.0 Safari/537.36" "-"
1.14.7.100 - - [29/Aug/2023:23:55:29 +0000] "HEAD /Core/Skin/Login.aspx HTTP/1.1" 404 0 "-" "Mozilla/5.0 (Windows NT 10.0; Win64; x64) AppleWebKit/537.36 (KHTML, like Gecko) Chrome/106.0.0.0 Safari/537.36" "-"
198.235.24.152 - - [29/Aug/2023:23:57:42 +0000] "GET / HTTP/1.0" 200 95906 "-" "Expanse, a Palo Alto Networks company, searches across the global IPv4 space multiple times per day to identify customers&#39; presences on the Internet. If you would like to be excluded from our scans, please send IP addresses/domains to: scaninfo@paloaltonetworks.com" "-"
185.254.196.186 - - [30/Aug/2023:00:01:53 +0000] "GET /.env HTTP/1.1" 404 555 "-" "Mozilla/5.0 (X11; Linux x86_64) AppleWebKit/537.36 (KHTML, like Gecko) Chrome/81.0.4044.129 Safari/537.36" "-"
185.254.196.186 - - [30/Aug/2023:00:01:54 +0000] "POST / HTTP/1.1" 200 96773 "-" "Mozilla/5.0 (X11; Linux x86_64) AppleWebKit/537.36 (KHTML, like Gecko) Chrome/81.0.4044.129 Safari/537.36" "-"
40.113.118.83 - - [30/Aug/2023:00:02:57 +0000] "GET /index.php HTTP/1.1" 200 95845 "-" "Go-http-client/1.1" "-"
106.75.3.7 - - [30/Aug/2023:00:08:18 +0000] "GET / HTTP/1.1" 200 95435 "-" "-" "-"
20.229.51.198 - - [30/Aug/2023:00:17:57 +0000] "GET /index.php HTTP/1.1" 200 95845 "-" "Go-http-client/1.1" "-"
167.172.52.0 - - [30/Aug/2023:00:23:45 +0000] "HEAD /panel/admin.php HTTP/1.1" 404 0 "-" "python-requests/2.18.4" "-"
139.162.84.205 - - [30/Aug/2023:00:39:47 +0000] "GET / HTTP/1.0" 200 28038 "-" "Mozilla/5.0 (X11; Linux x86_64) AppleWebKit/537.36 (KHTML, like Gecko) Chrome/109.0.0.0 Safari/537.36" "-"
135.125.217.54 - - [30/Aug/2023:01:10:42 +0000] "GET /.env HTTP/1.1" 404 555 "-" "Mozilla/5.0 (X11; Linux x86_64) AppleWebKit/537.36 (KHTML, like Gecko) Chrome/81.0.4044.129 Safari/537.36" "-"
135.125.217.54 - - [30/Aug/2023:01:10:43 +0000] "POST / HTTP/1.1" 200 96781 "-" "Mozilla/5.0 (X11; Linux x86_64) AppleWebKit/537.36 (KHTML, like Gecko) Chrome/81.0.4044.129 Safari/537.36" "-"
13.95.133.245 - - [30/Aug/2023:01:19:56 +0000] "GET /index.php HTTP/1.1" 200 95845 "-" "Go-http-client/1.1" "-"
1.14.7.100 - - [30/Aug/2023:01:46:50 +0000] "HEAD /Core/Skin/Login.aspx HTTP/1.1" 404 0 "-" "Mozilla/5.0 (Windows NT 10.0; Win64; x64) AppleWebKit/537.36 (KHTML, like Gecko) Chrome/106.0.0.0 Safari/537.36" "-"
185.149.35.78 - - [30/Aug/2023:01:47:47 +0000] "GET / HTTP/1.1" 200 95822 "-" "Mozilla/5.0 (Windows NT 6.1; WOW64) AppleWebKit/537.36 (KHTML, like Gecko) Chrome/52.0.2743.116 Safari/537.36" "-"
198.235.24.92 - - [30/Aug/2023:01:55:17 +0000] "\x16\x03\x01\x00\xCA\x01\x00\x00\xC6\x03\x03n{\xC2[;\x1A\xA1\xE8B5\xB7Bg\x85\xD7\x9D\xEAt\x1D9\xA5aD\xB4\x80RU^m\xF4\x1A\xD7\x00\x00h\xCC\x14\xCC\x13\xC0/\xC0+\xC00\xC0,\xC0\x11\xC0\x07\xC0'\xC0#\xC0\x13\xC0\x09\xC0(\xC0$\xC0\x14\xC0" 400 157 "-" "-" "-"
90.22.93.173 - - [30/Aug/2023:02:00:15 +0000] "HEAD /panel/admin.php HTTP/1.1" 404 0 "-" "Mozilla/5.0 (Windows NT 10.0; Win64; x64) AppleWebKit/537.36 (KHTML, like Gecko) Chrome/99.0.4844.74 Safari/537.36 Edg/99.0.1150.46" "-"
20.229.51.198 - - [30/Aug/2023:02:06:58 +0000] "GET /index.php HTTP/1.1" 200 95845 "-" "Go-http-client/1.1" "-"
221.226.212.189 - - [30/Aug/2023:02:19:23 +0000] "POST /GponForm/diag_Form?images/ HTTP/1.1" 400 157 "-" "Hello, World" "-"
135.125.217.54 - - [30/Aug/2023:02:25:47 +0000] "GET /.env HTTP/1.1" 404 555 "-" "Mozilla/5.0 (X11; Linux x86_64) AppleWebKit/537.36 (KHTML, like Gecko) Chrome/81.0.4044.129 Safari/537.36" "-"
135.125.217.54 - - [30/Aug/2023:02:25:47 +0000] "POST / HTTP/1.1" 200 96797 "-" "Mozilla/5.0 (X11; Linux x86_64) AppleWebKit/537.36 (KHTML, like Gecko) Chrome/81.0.4044.129 Safari/537.36" "-"
40.113.118.83 - - [30/Aug/2023:02:52:10 +0000] "GET /index.php HTTP/1.1" 200 95845 "-" "Go-http-client/1.1" "-"
94.102.61.10 - - [30/Aug/2023:02:54:51 +0000] "GET / HTTP/1.1" 200 96007 "-" "Mozilla/5.0 (Windows NT 10.0; Win64; x64) AppleWebKit/537.36 (KHTML, like Gecko) Chrome/88.0.4324.190 Safari/537.36" "-"
13.95.133.245 - - [30/Aug/2023:03:08:35 +0000] "GET /index.php HTTP/1.1" 200 95845 "-" "Go-http-client/1.1" "-"
